Archive member included to satisfy reference by file (symbol)

C:/NXP/S32DS_Power_v2.1/S32DS/build_tools/e200_ewl2/lib/e200z4/fp\libc99.a(alloc.o)
                              ./Sources/main.o (malloc)
C:/NXP/S32DS_Power_v2.1/S32DS/build_tools/e200_ewl2/lib/e200z4/fp\libc99.a(atoi.o)
                              ./Sources/main.o (atoi)
C:/NXP/S32DS_Power_v2.1/S32DS/build_tools/e200_ewl2/lib/e200z4/fp\libc99.a(atoll.o)
                              C:/NXP/S32DS_Power_v2.1/S32DS/build_tools/e200_ewl2/lib/e200z4/fp\libc99.a(atoi.o) (strtoll)
C:/NXP/S32DS_Power_v2.1/S32DS/build_tools/e200_ewl2/lib/e200z4/fp\libc99.a(lldiv.o)
                              C:/NXP/S32DS_Power_v2.1/S32DS/build_tools/e200_ewl2/lib/e200z4/fp\libc99.a(atoi.o) (lldiv)
C:/NXP/S32DS_Power_v2.1/S32DS/build_tools/e200_ewl2/lib/e200z4/fp\libc99.a(__strtoul.o)
                              C:/NXP/S32DS_Power_v2.1/S32DS/build_tools/e200_ewl2/lib/e200z4/fp\libc99.a(atoi.o) (__strtoul)
C:/NXP/S32DS_Power_v2.1/S32DS/build_tools/e200_ewl2/lib/e200z4/fp\libc99.a(__strtoull.o)
                              C:/NXP/S32DS_Power_v2.1/S32DS/build_tools/e200_ewl2/lib/e200z4/fp\libc99.a(atoll.o) (__strtoull)
C:/NXP/S32DS_Power_v2.1/S32DS/build_tools/e200_ewl2/lib/e200z4/fp\libc99.a(strtoull.o)
                              C:/NXP/S32DS_Power_v2.1/S32DS/build_tools/e200_ewl2/lib/e200z4/fp\libc99.a(atoi.o) (strtoull)
C:/NXP/S32DS_Power_v2.1/S32DS/build_tools/e200_ewl2/lib/e200z4/fp\libc99.a(memcpy.o)
                              C:/NXP/S32DS_Power_v2.1/S32DS/build_tools/e200_ewl2/lib/e200z4/fp\libc99.a(alloc.o) (memcpy)
C:/NXP/S32DS_Power_v2.1/S32DS/build_tools/e200_ewl2/lib/e200z4/fp\libc99.a(memset.o)
                              ./Sources/main.o (memset)
C:/NXP/S32DS_Power_v2.1/S32DS/build_tools/e200_ewl2/lib/e200z4/fp\libc99.a(strcpy.o)
                              ./Sources/main.o (strcpy)
C:/NXP/S32DS_Power_v2.1/S32DS/build_tools/e200_ewl2/lib/e200z4/fp\libc99.a(strlen.o)
                              ./Sources/main.o (strlen)
C:/NXP/S32DS_Power_v2.1/S32DS/build_tools/e200_ewl2/lib/e200z4/fp\libc99.a(strtok.o)
                              ./Sources/main.o (strtok)
C:/NXP/S32DS_Power_v2.1/S32DS/build_tools/e200_ewl2/lib/e200z4/fp\libc99.a(fgetwc.o)
                              C:/NXP/S32DS_Power_v2.1/S32DS/build_tools/e200_ewl2/lib/e200z4/fp\libc99.a(atoi.o) (getwc)
C:/NXP/S32DS_Power_v2.1/S32DS/build_tools/e200_ewl2/lib/e200z4/fp\libc99.a(fwide.o)
                              C:/NXP/S32DS_Power_v2.1/S32DS/build_tools/e200_ewl2/lib/e200z4/fp\libc99.a(fgetwc.o) (fwide)
C:/NXP/S32DS_Power_v2.1/S32DS/build_tools/e200_ewl2/lib/e200z4/fp\libc99.a(wcstoll.o)
                              C:/NXP/S32DS_Power_v2.1/S32DS/build_tools/e200_ewl2/lib/e200z4/fp\libc99.a(atoi.o) (wcstoll)
C:/NXP/S32DS_Power_v2.1/S32DS/build_tools/e200_ewl2/lib/e200z4/fp\libc99.a(__wcstoull.o)
                              C:/NXP/S32DS_Power_v2.1/S32DS/build_tools/e200_ewl2/lib/e200z4/fp\libc99.a(wcstoll.o) (__wcstoull)
C:/NXP/S32DS_Power_v2.1/S32DS/build_tools/e200_ewl2/lib/e200z4/fp\libc99.a(wcstoull.o)
                              C:/NXP/S32DS_Power_v2.1/S32DS/build_tools/e200_ewl2/lib/e200z4/fp\libc99.a(atoi.o) (wcstoull)
C:/NXP/S32DS_Power_v2.1/S32DS/build_tools/e200_ewl2/lib/e200z4/fp\libc99.a(wctype.o)
                              C:/NXP/S32DS_Power_v2.1/S32DS/build_tools/e200_ewl2/lib/e200z4/fp\libc99.a(wcstoll.o) (__wupper_mapC)
C:/NXP/S32DS_Power_v2.1/S32DS/build_tools/e200_ewl2/lib/e200z4/fp\libc99.a(__wsread.o)
                              C:/NXP/S32DS_Power_v2.1/S32DS/build_tools/e200_ewl2/lib/e200z4/fp\libc99.a(wcstoll.o) (__wStringRead)
C:/NXP/S32DS_Power_v2.1/S32DS/build_tools/e200_ewl2/lib/e200z4/fp\libc99.a(ctype.o)
                              C:/NXP/S32DS_Power_v2.1/S32DS/build_tools/e200_ewl2/lib/e200z4/fp\libc99.a(atoi.o) (__upper_mapC)
C:/NXP/S32DS_Power_v2.1/S32DS/build_tools/e200_ewl2/lib/e200z4/fp\libc99.a(errno.o)
                              C:/NXP/S32DS_Power_v2.1/S32DS/build_tools/e200_ewl2/lib/e200z4/fp\libc99.a(atoi.o) (errno)
C:/NXP/S32DS_Power_v2.1/S32DS/build_tools/e200_ewl2/lib/e200z4/fp\libc99.a(ansi_files.o)
                              C:/NXP/S32DS_Power_v2.1/S32DS/build_tools/e200_ewl2/lib/e200z4/fp\libc99.a(atoi.o) (__files)
C:/NXP/S32DS_Power_v2.1/S32DS/build_tools/e200_ewl2/lib/e200z4/fp\libc99.a(fflush.o)
                              C:/NXP/S32DS_Power_v2.1/S32DS/build_tools/e200_ewl2/lib/e200z4/fp\libc99.a(ansi_files.o) (fflush)
C:/NXP/S32DS_Power_v2.1/S32DS/build_tools/e200_ewl2/lib/e200z4/fp\libc99.a(fread.o)
                              C:/NXP/S32DS_Power_v2.1/S32DS/build_tools/e200_ewl2/lib/e200z4/fp\libc99.a(fgetwc.o) (__fread)
C:/NXP/S32DS_Power_v2.1/S32DS/build_tools/e200_ewl2/lib/e200z4/fp\libc99.a(__StringRead.o)
                              C:/NXP/S32DS_Power_v2.1/S32DS/build_tools/e200_ewl2/lib/e200z4/fp\libc99.a(atoi.o) (__StringRead)
[...]
Memory Configuration

Name             Origin             Length             Attributes
SRAM             0x40000000         0x00040000
*default*        0x00000000         0xffffffff

Linker script and memory map

LOAD c:/nxp/s32ds_power_v2.1/s32ds/build_tools/powerpc-eabivle-4_9/bin/../lib/gcc/powerpc-eabivle/4.9.4/e200z4/fp/ecrti.o
LOAD c:/nxp/s32ds_power_v2.1/s32ds/build_tools/powerpc-eabivle-4_9/bin/../lib/gcc/powerpc-eabivle/4.9.4/e200z4/fp/crtbegin.o
LOAD ./Generated_Code/Cpu.o
LOAD ./Generated_Code/clockMan1.o
LOAD ./Generated_Code/dmaController1.o
LOAD ./Generated_Code/eMIOS_Mc0.o
LOAD ./Generated_Code/eMIOS_Mc2.o
LOAD ./Generated_Code/eMIOS_Pwm0.o
LOAD ./Generated_Code/eMIOS_Pwm2.o
LOAD ./Generated_Code/linflexd_uart1.o
LOAD ./Generated_Code/pin_mux.o
LOAD ./Project_Settings/Startup_Code/core0_intc_sw_handlers.o
LOAD ./Project_Settings/Startup_Code/interrupt_vectors.o
LOAD ./Project_Settings/Startup_Code/startup_MPC5748G.o
LOAD ./SDK/platform/devices/MPC5748G/startup/system_MPC5748G.o
LOAD ./SDK/platform/devices/startup.o
LOAD ./SDK/platform/drivers/src/clock/MPC57xx/clock_MPC57xx.o
LOAD ./SDK/platform/drivers/src/edma/edma_driver.o
LOAD ./SDK/platform/drivers/src/edma/edma_hw_access.o
LOAD ./SDK/platform/drivers/src/edma/edma_irq.o
LOAD ./SDK/platform/drivers/src/emios/emios_common.o
LOAD ./SDK/platform/drivers/src/emios/emios_hw_access.o
LOAD ./SDK/platform/drivers/src/emios/emios_mc_driver.o
LOAD ./SDK/platform/drivers/src/emios/emios_pwm_driver.o
LOAD ./SDK/platform/drivers/src/interrupt/interrupt_manager_MPC57xx.o
LOAD ./SDK/platform/drivers/src/linflexd/linflexd_uart_driver.o
LOAD ./SDK/platform/drivers/src/linflexd/linflexd_uart_irq.o
LOAD ./SDK/platform/drivers/src/pins/siul2/pins_siul2_driver.o
LOAD ./SDK/platform/drivers/src/pins/siul2/siul2_hw_access.o
LOAD ./SDK/rtos/osif/osif_baremetal.o
LOAD ./Sources/main.o
START GROUP
LOAD C:/NXP/S32DS_Power_v2.1/S32DS/build_tools/e200_ewl2/lib/e200z4/fp\libc99.a
LOAD C:/NXP/S32DS_Power_v2.1/S32DS/build_tools/e200_ewl2/lib/e200z4/fp\libm.a
LOAD c:/nxp/s32ds_power_v2.1/s32ds/build_tools/powerpc-eabivle-4_9/bin/../lib/gcc/powerpc-eabivle/4.9.4/e200z4/fp\libgcc.a
LOAD C:/NXP/S32DS_Power_v2.1/S32DS/build_tools/e200_ewl2/lib/e200z4/fp\librt.a
END GROUP
LOAD c:/nxp/s32ds_power_v2.1/s32ds/build_tools/powerpc-eabivle-4_9/bin/../lib/gcc/powerpc-eabivle/4.9.4/e200z4/fp/crtend.o
LOAD c:/nxp/s32ds_power_v2.1/s32ds/build_tools/powerpc-eabivle-4_9/bin/../lib/gcc/powerpc-eabivle/4.9.4/e200z4/fp/ecrtn.o
                0x00000000                __HEAP_SIZE = DEFINED (__heap_size__)?__heap_size__:0x0
                0x00001000                __STACK_SIZE = DEFINED (__stack_size__)?__stack_size__:0x1000
                0x40000000                SRAM_BASE_ADDR = DEFINED (__sram_base_addr__)?__sram_base_addr__:0x40000000
                0x00040000                SRAM_SIZE = DEFINED (__sram_size__)?__sram_size__:0x40000

.startup        0x40000000      0x168
                0x40000000                __start = .
 *(.startup)
 .startup       0x40000000      0x168 ./Project_Settings/Startup_Code/startup_MPC5748G.o
                0x40000000                Reset_Handler
                0x40000000                _start

.core_exceptions_table
                0x40001000       0xb4
                0x40001000                __IVPR_VALUE = .
 *(.core_exceptions_table)
 .core_exceptions_table
                0x40001000       0xb4 ./Project_Settings/Startup_Code/interrupt_vectors.o
                0x40001000                IVOR0_Vector
                0x40001000                VTABLE
                0x40001010                IVOR1_Vector
                0x40001020                IVOR2_Vector
                0x40001030                IVOR3_Vector
                0x40001040                IVOR4_Vector
                0x40001050                IVOR5_Vector
                0x40001060                IVOR6_Vector
                0x40001070                IVOR35_Vector
                0x40001080                IVOR8_Vector
                0x40001090                IVOR15_Vector
                0x400010a0                IVOR33_Vector
                0x400010b0                IVOR34_Vector

.intc_vector_table
                0x40002000      0xbcc
                0x40002000                __VECTOR_TABLE = .
                0x40002000                __VECTOR_RAM = .
                0x40002000                __interrupts_start__ = .
 *(.intc_vector_table)
 .intc_vector_table
                0x40002000      0xbcc ./Project_Settings/Startup_Code/startup_MPC5748G.o
                0x40002000                __isr_vector
                0x40002bc8                DSPI1_Send_IRQHandler
                0x40002bc8                DSPI0_FIFO_Error_IRQHandler
                0x40002bc8                SIUL_EIRQ_16_23_IRQHandler
                0x40002bc8                CAN4_ORed_12_15_MB_IRQHandler
                0x40002bc8                PIT_Ch15_IRQHandler
                0x40002bc8                CAN5_Error_IRQHandler
                0x40002bc8                CAN1_ORed_12_15_MB_IRQHandler
                0x40002bc8                PIT_Ch0_IRQHandler
                0x40002bc8                SWT0_IRQHandler
                0x40002bc8                PIT_Ch10_IRQHandler
                0x40002bc8                SAI2_Rx_IRQHandler
                0x40002bc8                CAN2_ORed_12_15_MB_IRQHandler
                0x40002bc8                PIT_Ch14_IRQHandler
                0x40002bc8                DSPI6_Send_IRQHandler
                0x40002bc8                EMIOS1_26_27_IRQHandler
                0x40002bc8                STM2_Ch2_IRQHandler
                0x40002bc8                EMIOS0_10_11_IRQHandler
                0x40002bc8                EMIOS1_30_31_IRQHandler
                0x40002bc8                EMIOS0_22_23_IRQHandler
                0x40002bc8                EMIOS1_28_29_IRQHandler
                0x40002bc8                HSM_DRV_IRQHandlerExtended
                0x40002bc8                ADC0_WD_IRQHandler
                0x40002bc8                IVOR5_Exception_Handler
                0x40002bc8                ADC1_WD_IRQHandler
                0x40002bc8                IVOR34_Exception_Handler
                0x40002bc8                DSPI4_Send_IRQHandler
                0x40002bc8                DSPI5_FIFO_Error_IRQHandler
                0x40002bc8                USBOTG_IRQHandler
                0x40002bc8                EMIOS1_00_01_IRQHandler
                0x40002bc8                EMIOS0_30_31_IRQHandler
                0x40002bc8                ENET0_Rx_1_IRQHandler
                0x40002bc8                WKPU_23_16_IRQHandler
                0x40002bc8                SAI2_Tx_IRQHandler
                0x40002bc8                PIT_Ch7_IRQHandler
                0x40002bc8                CAN5_ORed_04_07_MB_IRQHandler
                0x40002bc8                IVOR2_Exception_Handler
                0x40002bc8                DSPI3_Send_IRQHandler
                0x40002bc8                CAN2_Error_IRQHandler
                0x40002bc8                CAN1_ORed_64_95_MB_IRQHandler
                0x40002bc8                CAN3_Error_IRQHandler
                0x40002bc8                CAN1_ORed_08_11_MB_IRQHandler
                0x40002bc8                CAN6_ORed_IRQHandler
                0x40002bc8                STM2_Ch1_IRQHandler
                0x40002bc8                EMIOS1_04_05_IRQHandler
                0x40002bc8                ENET1_Tx_IRQHandler
                0x40002bc8                ENET0_Tx_2_IRQHandler
                0x40002bc8                ENET1_Rx_2_IRQHandler
                0x40002bc8                CAN2_ORed_04_07_MB_IRQHandler
                0x40002bc8                CAN3_ORed_16_31_MB_IRQHandler
                0x40002bc8                EMIOS0_24_25_IRQHandler
                0x40002bc8                EMIOS2_00_01_IRQHandler
                0x40002bc8                IVOR33_Exception_Handler
                0x40002bc8                STM2_Ch3_IRQHandler
                0x40002bc8                SAI0_Tx_IRQHandler
                0x40002bc8                CAN1_ORed_00_03_MB_IRQHandler
                0x40002bc8                DSPI2_FIFO_Error_IRQHandler
                0x40002bc8                SWT2_IRQHandler
                0x40002bc8                CAN7_ORed_IRQHandler
                0x40002bc8                ENET0_Parser_IRQHandler
                0x40002bc8                EMIOS2_26_27_IRQHandler
                0x40002bc8                DSPI9_FIFO_Error_IRQHandler
                0x40002bc8                CAN1_ORed_IRQHandler
                0x40002bc8                SAI0_Rx_IRQHandler
                0x40002bc8                EMIOS1_14_15_IRQHandler
                0x40002bc8                CAN5_ORed_64_95_MB_IRQHandler
                0x40002bc8                CAN4_ORed_IRQHandler
                0x40002bc8                PIT_Ch5_IRQHandler
                0x40002bc8                EMIOS0_12_13_IRQHandler
                0x40002bc8                ENET1_Rx_IRQHandler
                0x40002bc8                DSPI0_Send_IRQHandler
                0x40002bc8                ENET1_Timer_IRQHandler
                0x40002bc8                CAN7_ORed_12_15_MB_IRQHandler
                0x40002bc8                IVOR15_Exception_Handler
                0x40002bc8                ENET0_Err_IRQHandler
                0x40002bc8                CAN0_ORed_04_07_MB_IRQHandler
                0x40002bc8                CAN7_ORed_04_07_MB_IRQHandler
                0x40002bc8                PIT_Ch1_IRQHandler
                0x40002bc8                DSPI6_Receive_IRQHandler
                0x40002bc8                BCTU_ListLast_IRQHandler
                0x40002bc8                DSPI0_Receive_IRQHandler
                0x40002bc8                I2C_DRV_Module2IRQHandler
                0x40002bc8                SAI1_Tx_IRQHandler
                0x40002bc8                CAN7_ORed_08_11_MB_IRQHandler
                0x40002bc8                EMIOS0_14_15_IRQHandler
                0x40002bc8                PIT_Ch2_IRQHandler
                0x40002bc8                CMP0_IRQHandler
                0x40002bc8                DSPI2_Send_IRQHandler
                0x40002bc8                ENET0_Rx_IRQHandler
                0x40002bc8                CAN0_Wake_Up_IRQHandler
                0x40002bc8                STM2_Ch0_IRQHandler
                0x40002bc8                ADC0_EOC_IRQHandler
                0x40002bc8                EMIOS0_16_17_IRQHandler
                0x40002bc8                DSPI4_FIFO_Error_IRQHandler
                0x40002bc8                CAN1_ORed_16_31_MB_IRQHandler
                0x40002bc8                CAN4_ORed_16_31_MB_IRQHandler
                0x40002bc8                CAN7_ORed_00_03_MB_IRQHandler
                0x40002bc8                CAN6_ORed_08_11_MB_IRQHandler
                0x40002bc8                ENET0_Tx_1_IRQHandler
                0x40002bc8                CAN4_ORed_04_07_MB_IRQHandler
                0x40002bc8                CAN2_ORed_16_31_MB_IRQHandler
                0x40002bc8                EMIOS2_28_29_IRQHandler
                0x40002bc8                PIT_Ch4_IRQHandler
                0x40002bc8                EMIOS1_10_11_IRQHandler
                0x40002bc8                DSPI3_Receive_IRQHandler
                0x40002bc8                ADC1_ER_IRQHandler
                0x40002bc8                DSPI9_Receive_IRQHandler
                0x40002bc8                CAN5_ORed_00_03_MB_IRQHandler
                0x40002bc8                DSPI2_Receive_IRQHandler
                0x40002bc8                PIT_Ch11_IRQHandler
                0x40002bc8                CAN0_Error_IRQHandler
                0x40002bc8                CAN5_ORed_08_11_MB_IRQHandler
                0x40002bc8                CAN6_ORed_04_07_MB_IRQHandler
                0x40002bc8                ENET1_Tx_1_IRQHandler
                0x40002bc8                SIUL_EIRQ_00_07_IRQHandler
                0x40002bc8                CAN3_ORed_08_11_MB_IRQHandler
                0x40002bc8                CAN3_ORed_00_03_MB_IRQHandler
                0x40002bc8                ADC0_ER_IRQHandler
                0x40002bc8                DSPI7_Receive_IRQHandler
                0x40002bc8                CAN2_ORed_32_63_MB_IRQHandler
                0x40002bc8                PIT_Ch12_IRQHandler
                0x40002bc8                CAN3_ORed_32_63_MB_IRQHandler
                0x40002bc8                ENET0_Rx_2_IRQHandler
                0x40002bc8                CAN5_ORed_IRQHandler
                0x40002bc8                DSPI1_FIFO_Error_IRQHandler
                0x40002bc8                CAN2_ORed_64_95_MB_IRQHandler
                0x40002bc8                STM1_Ch2_IRQHandler
                0x40002bc8                EMIOS1_12_13_IRQHandler
                0x40002bc8                STM1_Ch1_IRQHandler
                0x40002bc8                CAN4_Error_IRQHandler
                0x40002bc8                CAN6_ORed_64_95_MB_IRQHandler
                0x40002bc8                STM0_Ch0_IRQHandler
                0x40002bc8                IVOR3_Exception_Handler
                0x40002bc8                EMIOS1_06_07_IRQHandler
                0x40002bc8                SIUL_EIRQ_24_31_IRQHandler
                0x40002bc8                STM1_Ch0_IRQHandler
                0x40002bc8                CMP2_IRQHandler
                0x40002bc8                EMIOS2_20_21_IRQHandler
                0x40002bc8                IVOR1_Exception_Handler
                0x40002bc8                DSPI7_FIFO_Error_IRQHandler
                0x40002bc8                DSPI5_Receive_IRQHandler
                0x40002bc8                CAN1_Error_IRQHandler
                0x40002bc8                CAN7_ORed_16_31_MB_IRQHandler
                0x40002bc8                HSM_DRV_IRQHandler
                0x40002bc8                IVOR0_Exception_Handler
                0x40002bc8                IVOR35_Exception_Handler
                0x40002bc8                CAN0_ORed_00_03_MB_IRQHandler
                0x40002bc8                uSDHC_DriverIRQHandler
                0x40002bc8                EMIOS2_04_05_IRQHandler
                0x40002bc8                CAN0_ORed_32_63_MB_IRQHandler
                0x40002bc8                CAN2_ORed_00_03_MB_IRQHandler
                0x40002bc8                CAN4_ORed_00_03_MB_IRQHandler
                0x40002bc8                WKPU_31_24_IRQHandler
                0x40002bc8                DSPI9_Send_IRQHandler
                0x40002bc8                IVOR8_Exception_Handler
                0x40002bc8                PIT_RTI_IRQHandler
                0x40002bc8                DSPI8_Receive_IRQHandler
                0x40002bc8                ENET0_Tx_IRQHandler
                0x40002bc8                I2C_DRV_Module1IRQHandler
                0x40002bc8                CAN0_ORed_IRQHandler
                0x40002bc8                STM0_Ch2_IRQHandler
                0x40002bc8                CAN0_ORed_12_15_MB_IRQHandler
                0x40002bc8                CAN5_ORed_12_15_MB_IRQHandler
                0x40002bc8                STM0_Ch3_IRQHandler
                0x40002bc8                EMIOS1_02_03_IRQHandler
                0x40002bc8                CAN3_ORed_04_07_MB_IRQHandler
                0x40002bc8                WKPU_15_08_IRQHandler
                0x40002bc8                CAN4_ORed_64_95_MB_IRQHandler
                0x40002bc8                DSPI8_FIFO_Error_IRQHandler
                0x40002bc8                CAN7_ORed_32_63_MB_IRQHandler
                0x40002bc8                RTC0_IRQHandler
                0x40002bc8                EMIOS0_00_01_IRQHandler
                0x40002bc8                EMIOS0_18_19_IRQHandler
                0x40002bc8                EMIOS2_02_03_IRQHandler
                0x40002bc8                DSPI7_Send_IRQHandler
                0x40002bc8                I2C_DRV_Module0IRQHandler
                0x40002bc8                EMIOS0_20_21_IRQHandler
                0x40002bc8                USBHS_IRQHandler
                0x40002bc8                PIT_Ch13_IRQHandler
                0x40002bc8                CAN4_ORed_32_63_MB_IRQHandler
                0x40002bc8                EMIOS2_18_19_IRQHandler
                0x40002bc8                DSPI3_FIFO_Error_IRQHandler
                0x40002bc8                I2C_DRV_Module3IRQHandler
                0x40002bc8                STM1_Ch3_IRQHandler
                0x40002bc8                PIT_Ch6_IRQHandler
                0x40002bc8                IVOR6_Exception_Handler
                0x40002bc8                CAN7_ORed_64_95_MB_IRQHandler
                0x40002bc8                EMIOS1_24_25_IRQHandler
                0x40002bc8                PIT_Ch8_IRQHandler
                0x40002bc8                CAN4_ORed_08_11_MB_IRQHandler
                0x40002bc8                EMIOS2_12_13_IRQHandler
                0x40002bc8                CAN6_ORed_00_03_MB_IRQHandler
                0x40002bc8                EMIOS2_10_11_IRQHandler
                0x40002bc8                PIT_Ch9_IRQHandler
                0x40002bc8                SIUL_EIRQ_08_15_IRQHandler
                0x40002bc8                EMIOS1_08_09_IRQHandler
                0x40002bc8                PIT_Ch3_IRQHandler
                0x40002bc8                CAN3_ORed_64_95_MB_IRQHandler
                0x40002bc8                CAN3_ORed_12_15_MB_IRQHandler
                0x40002bc8                DSPI6_FIFO_Error_IRQHandler
                0x40002bc8                CAN7_Error_IRQHandler
                0x40002bc8                DSPI4_Receive_IRQHandler
                0x40002bc8                EMIOS0_26_27_IRQHandler
                0x40002bc8                ENET1_Rx_1_IRQHandler
                0x40002bc8                CAN5_ORed_32_63_MB_IRQHandler
                0x40002bc8                CAN2_ORed_IRQHandler
                0x40002bc8                CAN2_ORed_08_11_MB_IRQHandler
                0x40002bc8                ENET1_Err_IRQHandler
                0x40002bc8                EMIOS2_06_07_IRQHandler
                0x40002bc8                ENET1_Parser_IRQHandler
                0x40002bc8                EMIOS0_04_05_IRQHandler
                0x40002bc8                EMIOS2_24_25_IRQHandler
                0x40002bc8                SWT1_IRQHandler
                0x40002bc8                EMIOS1_16_17_IRQHandler
                0x40002bc8                FLASH_Done_IRQHandler
                0x40002bc8                DSPI8_Send_IRQHandler
                0x40002bc8                API0_IRQHandler
                0x40002bc8                CAN0_ORed_08_11_MB_IRQHandler
                0x40002bc8                CAN6_Error_IRQHandler
                0x40002bc8                EMIOS0_08_09_IRQHandler
                0x40002bc8                DSPI1_Receive_IRQHandler
                0x40002bc8                CAN6_ORed_16_31_MB_IRQHandler
                0x40002bc8                CAN0_ORed_64_95_MB_IRQHandler
                0x40002bc8                CMP1_IRQHandler
                0x40002bc8                CAN1_ORed_04_07_MB_IRQHandler
                0x40002bc8                EMIOS2_22_23_IRQHandler
                0x40002bc8                SAI1_Rx_IRQHandler
                0x40002bc8                EMIOS2_08_09_IRQHandler
                0x40002bc8                CAN0_ORed_16_31_MB_IRQHandler
                0x40002bc8                EMIOS0_28_29_IRQHandler
                0x40002bc8                EMIOS0_02_03_IRQHandler
                0x40002bc8                CAN6_ORed_32_63_MB_IRQHandler
                0x40002bc8                EMIOS0_06_07_IRQHandler
                0x40002bc8                DefaultISR
                0x40002bc8                CAN1_ORed_32_63_MB_IRQHandler
                0x40002bc8                EMIOS2_30_31_IRQHandler
                0x40002bc8                EMIOS1_20_21_IRQHandler
                0x40002bc8                EMIOS2_16_17_IRQHandler
                0x40002bc8                CAN6_ORed_12_15_MB_IRQHandler
                0x40002bc8                ENET1_Tx_2_IRQHandler
                0x40002bc8                EMIOS2_14_15_IRQHandler
                0x40002bc8                EMIOS1_18_19_IRQHandler
                0x40002bc8                EMIOS1_22_23_IRQHandler
                0x40002bc8                ENET0_Timer_IRQHandler
                0x40002bc8                ADC1_EOC_IRQHandler
                0x40002bc8                DSPI5_Send_IRQHandler
                0x40002bc8                CAN5_ORed_16_31_MB_IRQHandler
                0x40002bc8                BCTU_ConvUpdate_IRQHandler
                0x40002bc8                WKPU_07_00_IRQHandler
                0x40002bc8                FCCU0_IRQ_Handler
                0x40002bc8                STM0_Ch1_IRQHandler
                0x40002bc8                CAN3_ORed_IRQHandler
                0x40002bcc                __interrupts_end__ = .
                0x00000000                __RAM_VECTOR_TABLE_SIZE = 0x0
                0x40002000                __VECTOR_TABLE_COPY_END = (__VECTOR_TABLE + __RAM_VECTOR_TABLE_SIZE)
                0x00000000                __CUSTOM_ROM = 0x0
                0x00000000                __CUSTOM_END = 0x0

.customSectionBlock
                0x40002bcc        0x0
                0x40002bcc                . = ALIGN (0x4)
                0x40002bcc                __CUSTOM_RAM = .
                0x40002bcc                __customSectionStart = .
                0x40002bcc                __customSection_start__ = .
 *(.customSection)
                0x40002bcc                __customSection_end__ = .
                0x40002bcc                __customSectionEnd = .

.text           0x40002bd0     0x52f0
 *(.text.startup)
 *(.text)
 .text          0x40002bd0      0x16c c:/nxp/s32ds_power_v2.1/s32ds/build_tools/powerpc-eabivle-4_9/bin/../lib/gcc/powerpc-eabivle/4.9.4/e200z4/fp/crtbegin.o
 *fill*         0x40002d3c        0x4 
 .text          0x40002d40      0x2f6 ./Project_Settings/Startup_Code/core0_intc_sw_handlers.o
                0x40002d80                IVOR0_Handler
                0x40002dae                IVOR1_Handler
                0x40002dfc                IVOR2_Handler
                0x40002e36                IVOR3_Handler
                0x40002e70                IVOR4_Handler
                0x40002eb8                IVOR5_Handler
                0x40002ef2                IVOR6_Handler
                0x40002f2c                IVOR8_Handler
                0x40002f66                IVOR15_Handler
                0x40002f94                IVOR33_Handler
                0x40002fce                IVOR34_Handler
                0x40003008                IVOR35_Handler
 .text          0x40003036       0x52 c:/nxp/s32ds_power_v2.1/s32ds/build_tools/powerpc-eabivle-4_9/bin/../lib/gcc/powerpc-eabivle/4.9.4/e200z4/fp\libgcc.a(e200crtresxgpr.o)
                0x40003036                _restgpr_14_x
                0x4000303a                _restgpr_15_x
                0x4000303e                _restgpr_16_x
                0x40003042                _restgpr_17_x
                0x40003046                _restgpr_18_x
                0x4000304a                _restgpr_19_x
                0x4000304e                _restgpr_20_x
                0x40003052                _restgpr_21_x
                0x40003056                _restgpr_22_x
                0x4000305a                _restgpr_23_x
                0x4000305e                _restgpr_24_x
                0x40003062                _restgpr_25_x
                0x40003066                _restgpr_26_x
                0x4000306a                _restgpr_27_x
                0x4000306e                _restgpr_28_x
                0x40003072                _restgpr_29_x
                0x40003076                _restgpr_30_x
                0x4000307a                _restgpr_31_x
 .text          0x40003088       0x4a c:/nxp/s32ds_power_v2.1/s32ds/build_tools/powerpc-eabivle-4_9/bin/../lib/gcc/powerpc-eabivle/4.9.4/e200z4/fp\libgcc.a(eabivle.o)
                0x40003088                __eabi
 *fill*         0x400030d2        0x2 
 .text          0x400030d4       0x48 c:/nxp/s32ds_power_v2.1/s32ds/build_tools/powerpc-eabivle-4_9/bin/../lib/gcc/powerpc-eabivle/4.9.4/e200z4/fp/crtend.o
 *(.text.*)
 .text.SystemInit
                0x4000311c       0xb6 ./SDK/platform/devices/MPC5748G/startup/system_MPC5748G.o
                0x4000311c                SystemInit
 *fill*         0x400031d2        0x2 
 .text.init_data_bss
                0x400031d4       0xb8 ./SDK/platform/devices/startup.o
                0x400031d4                init_data_bss
 .text.CLOCK_SYS_GetFircFreq
                0x4000328c       0x1e ./SDK/platform/drivers/src/clock/MPC57xx/clock_MPC57xx.o
 *fill*         0x400032aa        0x2 
 .text.CLOCK_SYS_GetFxoscFreq
                0x400032ac       0x1e ./SDK/platform/drivers/src/clock/MPC57xx/clock_MPC57xx.o
 *fill*         0x400032ca        0x2 
 .text.CLOCK_SYS_CalculateFrequenciesOfClockSources
                0x400032cc      0x13e ./SDK/platform/drivers/src/clock/MPC57xx/clock_MPC57xx.o
 *fill*         0x4000340a        0x2 
 .text.CLOCK_SYS_GetSystemClockFreq
                0x4000340c      0x1da ./SDK/platform/drivers/src/clock/MPC57xx/clock_MPC57xx.o
 *fill*         0x400035e6        0x2 
 .text.CLOCK_DRV_GetFreq
                0x400035e8      0x43a ./SDK/platform/drivers/src/clock/MPC57xx/clock_MPC57xx.o
                0x400035e8                CLOCK_DRV_GetFreq
 *fill*         0x40003a22        0x2 
 .text.CLOCK_DRV_Init
                0x40003a24      0xb94 ./SDK/platform/drivers/src/clock/MPC57xx/clock_MPC57xx.o
                0x40003a24                CLOCK_DRV_Init
 .text.CLOCK_SYS_Init
                0x400045b8       0x18 ./SDK/platform/drivers/src/clock/MPC57xx/clock_MPC57xx.o
                0x400045b8                CLOCK_SYS_Init
 .text.CLOCK_SYS_UpdateConfiguration
                0x400045d0      0x172 ./SDK/platform/drivers/src/clock/MPC57xx/clock_MPC57xx.o
                0x400045d0                CLOCK_SYS_UpdateConfiguration
 *fill*         0x40004742        0x2 
 .text.CLOCK_SYS_GetFreq
                0x40004744       0x14 ./SDK/platform/drivers/src/clock/MPC57xx/clock_MPC57xx.o
                0x40004744                CLOCK_SYS_GetFreq
 .text.EDMA_DRV_InstallCallback
                0x40004758       0x16 ./SDK/platform/drivers/src/edma/edma_driver.o
                0x40004758                EDMA_DRV_InstallCallback
 *fill*         0x4000476e        0x2 
 .text.EDMA_DRV_IRQHandler
                0x40004770       0x52 ./SDK/platform/drivers/src/edma/edma_driver.o
                0x40004770                EDMA_DRV_IRQHandler
 *fill*         0x400047c2        0x2 
 .text.EDMA_DRV_ErrorIRQHandler
                0x400047c4       0x6c ./SDK/platform/drivers/src/edma/edma_driver.o
                0x400047c4                EDMA_DRV_ErrorIRQHandler
 .text.EDMA_DRV_ConfigSingleBlockTransfer
                0x40004830      0x15c ./SDK/platform/drivers/src/edma/edma_driver.o
                0x40004830                EDMA_DRV_ConfigSingleBlockTransfer
 .text.EDMA_DRV_ConfigMultiBlockTransfer
                0x4000498c       0x46 ./SDK/platform/drivers/src/edma/edma_driver.o
                0x4000498c                EDMA_DRV_ConfigMultiBlockTransfer
 *fill*         0x400049d2        0x2 
 .text.EDMA_DRV_StartChannel
                0x400049d4       0x20 ./SDK/platform/drivers/src/edma/edma_driver.o
                0x400049d4                EDMA_DRV_StartChannel
 .text.EDMA_DRV_StopChannel
                0x400049f4       0x20 ./SDK/platform/drivers/src/edma/edma_driver.o
                0x400049f4                EDMA_DRV_StopChannel
 .text.EDMA_DRV_SetSrcAddr
                0x40004a14       0x1e ./SDK/platform/drivers/src/edma/edma_driver.o
                0x40004a14                EDMA_DRV_SetSrcAddr
 *fill*         0x40004a32        0x2 
 .text.EDMA_DRV_SetDestAddr
                0x40004a34       0x1e ./SDK/platform/drivers/src/edma/edma_driver.o
                0x40004a34                EDMA_DRV_SetDestAddr
 *fill*         0x40004a52        0x2 
 .text.EDMA_DRV_SetMajorLoopIterationCount
                0x40004a54       0x1e ./SDK/platform/drivers/src/edma/edma_driver.o
                0x40004a54                EDMA_DRV_SetMajorLoopIterationCount
 *fill*         0x40004a72        0x2 
 .text.EDMA_DRV_GetRemainingMajorIterationsCount
                0x40004a74       0x1c ./SDK/platform/drivers/src/edma/edma_driver.o
                0x40004a74                EDMA_DRV_GetRemainingMajorIterationsCount
 .text.EDMA_DRV_GetDmaRegBaseAddr
                0x40004a90        0x6 ./SDK/platform/drivers/src/edma/edma_driver.o
                0x40004a90                EDMA_DRV_GetDmaRegBaseAddr
 *fill*         0x40004a96        0x2 
 .text.EDMA_GetErrorIntStatusFlag
                0x40004a98        0xa ./SDK/platform/drivers/src/edma/edma_hw_access.o
                0x40004a98                EDMA_GetErrorIntStatusFlag
 *fill*         0x40004aa2        0x2 
 .text.EDMA_ClearErrorIntStatusFlag
                0x40004aa4        0x6 ./SDK/platform/drivers/src/edma/edma_hw_access.o
                0x40004aa4                EDMA_ClearErrorIntStatusFlag
 *fill*         0x40004aaa        0x2 
 .text.EDMA_SetDmaRequestCmd
                0x40004aac       0x12 ./SDK/platform/drivers/src/edma/edma_hw_access.o
                0x40004aac                EDMA_SetDmaRequestCmd
 *fill*         0x40004abe        0x2 
 .text.EDMA_ClearDoneStatusFlag
                0x40004ac0        0x6 ./SDK/platform/drivers/src/edma/edma_hw_access.o
                0x40004ac0                EDMA_ClearDoneStatusFlag
 *fill*         0x40004ac6        0x2 
 .text.EDMA_ClearIntStatusFlag
                0x40004ac8        0x6 ./SDK/platform/drivers/src/edma/edma_hw_access.o
                0x40004ac8                EDMA_ClearIntStatusFlag
 *fill*         0x40004ace        0x2 
 .text.EDMA_SetMinorLoopMappingCmd
                0x40004ad0       0x14 ./SDK/platform/drivers/src/edma/edma_hw_access.o
                0x40004ad0                EDMA_SetMinorLoopMappingCmd
 .text.EDMA_TCDClearReg
                0x40004ae4       0x34 ./SDK/platform/drivers/src/edma/edma_hw_access.o
                0x40004ae4                EDMA_TCDClearReg
 .text.EDMA_TCDSetSrcAddr
                0x40004b18        0xc ./SDK/platform/drivers/src/edma/edma_hw_access.o
                0x40004b18                EDMA_TCDSetSrcAddr
 .text.EDMA_TCDSetSrcOffset
                0x40004b24        0xe ./SDK/platform/drivers/src/edma/edma_hw_access.o
                0x40004b24                EDMA_TCDSetSrcOffset
 *fill*         0x40004b32        0x2 
 .text.EDMA_TCDSetAttribute
                0x40004b34       0x24 ./SDK/platform/drivers/src/edma/edma_hw_access.o
                0x40004b34                EDMA_TCDSetAttribute
 .text.EDMA_TCDSetNbytes
                0x40004b58       0x42 ./SDK/platform/drivers/src/edma/edma_hw_access.o
                0x40004b58                EDMA_TCDSetNbytes
 *fill*         0x40004b9a        0x2 
 .text.EDMA_TCDSetDestAddr
                0x40004b9c        0xa ./SDK/platform/drivers/src/edma/edma_hw_access.o
                0x40004b9c                EDMA_TCDSetDestAddr
 *fill*         0x40004ba6        0x2 
 .text.EDMA_TCDSetDestOffset
                0x40004ba8        0xc ./SDK/platform/drivers/src/edma/edma_hw_access.o
                0x40004ba8                EDMA_TCDSetDestOffset
 .text.EDMA_TCDSetDisableDmaRequestAfterTCDDoneCmd
                0x40004bb4       0x26 ./SDK/platform/drivers/src/edma/edma_hw_access.o
                0x40004bb4                EDMA_TCDSetDisableDmaRequestAfterTCDDoneCmd
 *fill*         0x40004bda        0x2 
 .text.EDMA_TCDSetMajorCompleteIntCmd
                0x40004bdc       0x26 ./SDK/platform/drivers/src/edma/edma_hw_access.o
                0x40004bdc                EDMA_TCDSetMajorCompleteIntCmd
 *fill*         0x40004c02        0x2 
 .text.EDMA_TCDSetMajorCount
                0x40004c04       0x5e ./SDK/platform/drivers/src/edma/edma_hw_access.o
                0x40004c04                EDMA_TCDSetMajorCount
 *fill*         0x40004c62        0x2 
 .text.EDMA_TCDGetCurrentMajorCount
                0x40004c64       0x2e ./SDK/platform/drivers/src/edma/edma_hw_access.o
                0x40004c64                EDMA_TCDGetCurrentMajorCount
 *fill*         0x40004c92        0x2 
 .text.DMA0_Ch0_IRQHandler
                0x40004c94       0x16 ./SDK/platform/drivers/src/edma/edma_irq.o
                0x40004c94                DMA0_Ch0_IRQHandler
 *fill*         0x40004caa        0x2 
 .text.DMA0_Ch1_IRQHandler
                0x40004cac       0x16 ./SDK/platform/drivers/src/edma/edma_irq.o
                0x40004cac                DMA0_Ch1_IRQHandler
 *fill*         0x40004cc2        0x2 
 .text.DMA0_Ch2_IRQHandler
                0x40004cc4       0x16 ./SDK/platform/drivers/src/edma/edma_irq.o
                0x40004cc4                DMA0_Ch2_IRQHandler
 *fill*         0x40004cda        0x2 
 .text.DMA0_Ch3_IRQHandler
                0x40004cdc       0x16 ./SDK/platform/drivers/src/edma/edma_irq.o
                0x40004cdc                DMA0_Ch3_IRQHandler
 *fill*         0x40004cf2        0x2 
 .text.DMA0_Ch4_IRQHandler
                0x40004cf4       0x16 ./SDK/platform/drivers/src/edma/edma_irq.o
                0x40004cf4                DMA0_Ch4_IRQHandler
 *fill*         0x40004d0a        0x2 
 .text.DMA0_Ch5_IRQHandler
                0x40004d0c       0x16 ./SDK/platform/drivers/src/edma/edma_irq.o
                0x40004d0c                DMA0_Ch5_IRQHandler
 *fill*         0x40004d22        0x2 
 .text.DMA0_Ch6_IRQHandler
                0x40004d24       0x16 ./SDK/platform/drivers/src/edma/edma_irq.o
                0x40004d24                DMA0_Ch6_IRQHandler
 *fill*         0x40004d3a        0x2 
 .text.DMA0_Ch7_IRQHandler
                0x40004d3c       0x16 ./SDK/platform/drivers/src/edma/edma_irq.o
                0x40004d3c                DMA0_Ch7_IRQHandler
 *fill*         0x40004d52        0x2 
 .text.DMA0_Ch8_IRQHandler
                0x40004d54       0x16 ./SDK/platform/drivers/src/edma/edma_irq.o
                0x40004d54                DMA0_Ch8_IRQHandler
 *fill*         0x40004d6a        0x2 
 .text.DMA0_Ch9_IRQHandler
                0x40004d6c       0x16 ./SDK/platform/drivers/src/edma/edma_irq.o
                0x40004d6c                DMA0_Ch9_IRQHandler
 *fill*         0x40004d82        0x2 
 .text.DMA0_Ch10_IRQHandler
                0x40004d84       0x16 ./SDK/platform/drivers/src/edma/edma_irq.o
                0x40004d84                DMA0_Ch10_IRQHandler
 *fill*         0x40004d9a        0x2 
 .text.DMA0_Ch11_IRQHandler
                0x40004d9c       0x16 ./SDK/platform/drivers/src/edma/edma_irq.o
                0x40004d9c                DMA0_Ch11_IRQHandler
 *fill*         0x40004db2        0x2 
 .text.DMA0_Ch12_IRQHandler
                0x40004db4       0x16 ./SDK/platform/drivers/src/edma/edma_irq.o
                0x40004db4                DMA0_Ch12_IRQHandler
 *fill*         0x40004dca        0x2 
 .text.DMA0_Ch13_IRQHandler
                0x40004dcc       0x16 ./SDK/platform/drivers/src/edma/edma_irq.o
                0x40004dcc                DMA0_Ch13_IRQHandler
 *fill*         0x40004de2        0x2 
 .text.DMA0_Ch14_IRQHandler
                0x40004de4       0x16 ./SDK/platform/drivers/src/edma/edma_irq.o
                0x40004de4                DMA0_Ch14_IRQHandler
 *fill*         0x40004dfa        0x2 
 .text.DMA0_Ch15_IRQHandler
                0x40004dfc       0x16 ./SDK/platform/drivers/src/edma/edma_irq.o
                0x40004dfc                DMA0_Ch15_IRQHandler
 *fill*         0x40004e12        0x2 
 .text.DMA0_Ch16_IRQHandler
                0x40004e14       0x16 ./SDK/platform/drivers/src/edma/edma_irq.o
                0x40004e14                DMA0_Ch16_IRQHandler
 *fill*         0x40004e2a        0x2 
 .text.DMA0_Ch17_IRQHandler
                0x40004e2c       0x16 ./SDK/platform/drivers/src/edma/edma_irq.o
                0x40004e2c                DMA0_Ch17_IRQHandler
 *fill*         0x40004e42        0x2 
 .text.DMA0_Ch18_IRQHandler
                0x40004e44       0x16 ./SDK/platform/drivers/src/edma/edma_irq.o
                0x40004e44                DMA0_Ch18_IRQHandler
 *fill*         0x40004e5a        0x2 
 .text.DMA0_Ch19_IRQHandler
                0x40004e5c       0x16 ./SDK/platform/drivers/src/edma/edma_irq.o
                0x40004e5c                DMA0_Ch19_IRQHandler
 *fill*         0x40004e72        0x2 
 .text.DMA0_Ch20_IRQHandler
                0x40004e74       0x16 ./SDK/platform/drivers/src/edma/edma_irq.o
                0x40004e74                DMA0_Ch20_IRQHandler
 *fill*         0x40004e8a        0x2 
 .text.DMA0_Ch21_IRQHandler
                0x40004e8c       0x16 ./SDK/platform/drivers/src/edma/edma_irq.o
                0x40004e8c                DMA0_Ch21_IRQHandler
 *fill*         0x40004ea2        0x2 
 .text.DMA0_Ch22_IRQHandler
                0x40004ea4       0x16 ./SDK/platform/drivers/src/edma/edma_irq.o
                0x40004ea4                DMA0_Ch22_IRQHandler
 *fill*         0x40004eba        0x2 
 .text.DMA0_Ch23_IRQHandler
                0x40004ebc       0x16 ./SDK/platform/drivers/src/edma/edma_irq.o
                0x40004ebc                DMA0_Ch23_IRQHandler
 *fill*         0x40004ed2        0x2 
 .text.DMA0_Ch24_IRQHandler
                0x40004ed4       0x16 ./SDK/platform/drivers/src/edma/edma_irq.o
                0x40004ed4                DMA0_Ch24_IRQHandler
 *fill*         0x40004eea        0x2 
 .text.DMA0_Ch25_IRQHandler
                0x40004eec       0x16 ./SDK/platform/drivers/src/edma/edma_irq.o
                0x40004eec                DMA0_Ch25_IRQHandler
 *fill*         0x40004f02        0x2 
 .text.DMA0_Ch26_IRQHandler
                0x40004f04       0x16 ./SDK/platform/drivers/src/edma/edma_irq.o
                0x40004f04                DMA0_Ch26_IRQHandler
 *fill*         0x40004f1a        0x2 
 .text.DMA0_Ch27_IRQHandler
                0x40004f1c       0x16 ./SDK/platform/drivers/src/edma/edma_irq.o
                0x40004f1c                DMA0_Ch27_IRQHandler
 *fill*         0x40004f32        0x2 
 .text.DMA0_Ch28_IRQHandler
                0x40004f34       0x16 ./SDK/platform/drivers/src/edma/edma_irq.o
                0x40004f34                DMA0_Ch28_IRQHandler
 *fill*         0x40004f4a        0x2 
 .text.DMA0_Ch29_IRQHandler
                0x40004f4c       0x16 ./SDK/platform/drivers/src/edma/edma_irq.o
                0x40004f4c                DMA0_Ch29_IRQHandler
 *fill*         0x40004f62        0x2 
 .text.DMA0_Ch30_IRQHandler
                0x40004f64       0x16 ./SDK/platform/drivers/src/edma/edma_irq.o
                0x40004f64                DMA0_Ch30_IRQHandler
 *fill*         0x40004f7a        0x2 
 .text.DMA0_Ch31_IRQHandler
                0x40004f7c       0x16 ./SDK/platform/drivers/src/edma/edma_irq.o
                0x40004f7c                DMA0_Ch31_IRQHandler
 *fill*         0x40004f92        0x2 
 .text.DMA0_Ch0_Ch31_Error_IRQHandler
                0x40004f94       0x42 ./SDK/platform/drivers/src/edma/edma_irq.o
                0x40004f94                DMA0_Ch0_Ch31_Error_IRQHandler
 *fill*         0x40004fd6        0x2 
 .text.EMIOS_DRV_InitGlobal
                0x40004fd8       0x94 ./SDK/platform/drivers/src/emios/emios_common.o
                0x40004fd8                EMIOS_DRV_InitGlobal
 .text.EMIOS_DRV_EnableAChOutputUpdate
                0x4000506c       0x1e ./SDK/platform/drivers/src/emios/emios_common.o
                0x4000506c                EMIOS_DRV_EnableAChOutputUpdate
 *fill*         0x4000508a        0x2 
 .text.EMIOS_DRV_ChannelEnableInterruptRequest
                0x4000508c       0x48 ./SDK/platform/drivers/src/emios/emios_common.o
                0x4000508c                EMIOS_DRV_ChannelEnableInterruptRequest
 .text.EMIOS_ValidateMode
                0x400050d4       0x22 ./SDK/platform/drivers/src/emios/emios_hw_access.o
                0x400050d4                EMIOS_ValidateMode
 *fill*         0x400050f6        0x2 
 .text.EMIOS_ValidateChannel
                0x400050f8       0x40 ./SDK/platform/drivers/src/emios/emios_hw_access.o
                0x400050f8                EMIOS_ValidateChannel
 .text.EMIOS_DRV_MC_InitCounterMode
                0x40005138      0x21c ./SDK/platform/drivers/src/emios/emios_mc_driver.o
                0x40005138                EMIOS_DRV_MC_InitCounterMode
 .text.EMIOS_DRV_MC_GetCounterPeriod
                0x40005354       0x92 ./SDK/platform/drivers/src/emios/emios_mc_driver.o
                0x40005354                EMIOS_DRV_MC_GetCounterPeriod
 *fill*         0x400053e6        0x2 
 .text.EMIOS_DRV_PWM_CalibrationDutyCycle
                0x400053e8       0x7c ./SDK/platform/drivers/src/emios/emios_pwm_driver.o
 .text.EMIOS_DRV_PWM_InitMode
                0x40005464      0x57a ./SDK/platform/drivers/src/emios/emios_pwm_driver.o
                0x40005464                EMIOS_DRV_PWM_InitMode
 *fill*         0x400059de        0x2 
 .text.EMIOS_DRV_PWM_SetLeadingEdgePlacement
                0x400059e0       0xf2 ./SDK/platform/drivers/src/emios/emios_pwm_driver.o
                0x400059e0                EMIOS_DRV_PWM_SetLeadingEdgePlacement
 *fill*         0x40005ad2        0x2 
 .text.EMIOS_DRV_PWM_SetTrailingEdgePlacement
                0x40005ad4       0x52 ./SDK/platform/drivers/src/emios/emios_pwm_driver.o
                0x40005ad4                EMIOS_DRV_PWM_SetTrailingEdgePlacement
 *fill*         0x40005b26        0x2 
 .text.INT_SYS_InstallHandler
                0x40005b28       0x28 ./SDK/platform/drivers/src/interrupt/interrupt_manager_MPC57xx.o
                0x40005b28                INT_SYS_InstallHandler
 .text.INT_SYS_EnableIRQ
                0x40005b50       0x2e ./SDK/platform/drivers/src/interrupt/interrupt_manager_MPC57xx.o
                0x40005b50                INT_SYS_EnableIRQ
 *fill*         0x40005b7e        0x2 
 .text.INT_SYS_EnableIRQGlobal
                0x40005b80       0x26 ./SDK/platform/drivers/src/interrupt/interrupt_manager_MPC57xx.o
                0x40005b80                INT_SYS_EnableIRQGlobal
 *fill*         0x40005ba6        0x2 
 .text.INT_SYS_DisableIRQGlobal
                0x40005ba8       0x10 ./SDK/platform/drivers/src/interrupt/interrupt_manager_MPC57xx.o
                0x40005ba8                INT_SYS_DisableIRQGlobal
 .text.LINFLEXD_UART_DRV_StartReceiveUsingInterrupts
                0x40005bb8       0x56 ./SDK/platform/drivers/src/linflexd/linflexd_uart_driver.o
 *fill*         0x40005c0e        0x2 
 .text.LINFLEXD_UART_DRV_PutData
                0x40005c10       0x84 ./SDK/platform/drivers/src/linflexd/linflexd_uart_driver.o
 .text.LINFLEXD_UART_DRV_StartSendUsingInterrupts
                0x40005c94       0x66 ./SDK/platform/drivers/src/linflexd/linflexd_uart_driver.o
 *fill*         0x40005cfa        0x2 
 .text.LINFLEXD_UART_DRV_StartSendUsingDma
                0x40005cfc       0xdc ./SDK/platform/drivers/src/linflexd/linflexd_uart_driver.o
 .text.LINFLEXD_UART_DRV_StartReceiveUsingDma
                0x40005dd8      0x10a ./SDK/platform/drivers/src/linflexd/linflexd_uart_driver.o
 *fill*         0x40005ee2        0x2 
 .text.LINFLEXD_UART_DRV_CompleteSendUsingInterrupts
                0x40005ee4       0x5e ./SDK/platform/drivers/src/linflexd/linflexd_uart_driver.o
 *fill*         0x40005f42        0x2 
 .text.LINFLEXD_UART_DRV_CompleteReceiveUsingInterrupts
                0x40005f44       0x68 ./SDK/platform/drivers/src/linflexd/linflexd_uart_driver.o
 .text.LINFLEXD_UART_DRV_CompleteSendUsingDma
                0x40005fac       0xf2 ./SDK/platform/drivers/src/linflexd/linflexd_uart_driver.o
 *fill*         0x4000609e        0x2 
 .text.LINFLEXD_UART_DRV_CompleteReceiveUsingDma
                0x400060a0      0x112 ./SDK/platform/drivers/src/linflexd/linflexd_uart_driver.o
 *fill*         0x400061b2        0x2 
 .text.LINFLEXD_UART_DRV_SetBaudRate
                0x400061b4      0x104 ./SDK/platform/drivers/src/linflexd/linflexd_uart_driver.o
                0x400061b4                LINFLEXD_UART_DRV_SetBaudRate
 .text.LINFLEXD_UART_DRV_Init
                0x400062b8      0x22a ./SDK/platform/drivers/src/linflexd/linflexd_uart_driver.o
                0x400062b8                LINFLEXD_UART_DRV_Init
 *fill*         0x400064e2        0x2 
 .text.LINFLEXD_UART_DRV_SendData
                0x400064e4       0x3a ./SDK/platform/drivers/src/linflexd/linflexd_uart_driver.o
                0x400064e4                LINFLEXD_UART_DRV_SendData
 *fill*         0x4000651e        0x2 
 .text.LINFLEXD_UART_DRV_GetTransmitStatus
                0x40006520       0x5c ./SDK/platform/drivers/src/linflexd/linflexd_uart_driver.o
                0x40006520                LINFLEXD_UART_DRV_GetTransmitStatus
 .text.LINFLEXD_UART_DRV_ReceiveData
                0x4000657c       0x3a ./SDK/platform/drivers/src/linflexd/linflexd_uart_driver.o
                0x4000657c                LINFLEXD_UART_DRV_ReceiveData
 *fill*         0x400065b6        0x2 
 .text.LINFLEXD_UART_DRV_GetReceiveStatus
                0x400065b8       0x5e ./SDK/platform/drivers/src/linflexd/linflexd_uart_driver.o
                0x400065b8                LINFLEXD_UART_DRV_GetReceiveStatus
 *fill*         0x40006616        0x2 
 .text.LINFLEXD_UART_DRV_RxIRQHandler
                0x40006618       0xde ./SDK/platform/drivers/src/linflexd/linflexd_uart_driver.o
                0x40006618                LINFLEXD_UART_DRV_RxIRQHandler
 *fill*         0x400066f6        0x2 
 .text.LINFLEXD_UART_DRV_TxIRQHandler
                0x400066f8       0x92 ./SDK/platform/drivers/src/linflexd/linflexd_uart_driver.o
                0x400066f8                LINFLEXD_UART_DRV_TxIRQHandler
 *fill*         0x4000678a        0x2 
 .text.LINFLEXD_UART_DRV_ErrIRQHandler
                0x4000678c       0x8e ./SDK/platform/drivers/src/linflexd/linflexd_uart_driver.o
                0x4000678c                LINFLEXD_UART_DRV_ErrIRQHandler
 *fill*         0x4000681a        0x2 
 .text.LINFLEXD0_UART_RxIRQHandler
                0x4000681c       0x16 ./SDK/platform/drivers/src/linflexd/linflexd_uart_irq.o
                0x4000681c                LINFLEXD0_UART_RxIRQHandler
 *fill*         0x40006832        0x2 
 .text.LINFLEXD1_UART_RxIRQHandler
                0x40006834       0x16 ./SDK/platform/drivers/src/linflexd/linflexd_uart_irq.o
                0x40006834                LINFLEXD1_UART_RxIRQHandler
 *fill*         0x4000684a        0x2 
 .text.LINFLEXD2_UART_RxIRQHandler
                0x4000684c       0x16 ./SDK/platform/drivers/src/linflexd/linflexd_uart_irq.o
                0x4000684c                LINFLEXD2_UART_RxIRQHandler
 *fill*         0x40006862        0x2 
 .text.LINFLEXD3_UART_RxIRQHandler
                0x40006864       0x16 ./SDK/platform/drivers/src/linflexd/linflexd_uart_irq.o
                0x40006864                LINFLEXD3_UART_RxIRQHandler
 *fill*         0x4000687a        0x2 
 .text.LINFLEXD4_UART_RxIRQHandler
                0x4000687c       0x16 ./SDK/platform/drivers/src/linflexd/linflexd_uart_irq.o
                0x4000687c                LINFLEXD4_UART_RxIRQHandler
 *fill*         0x40006892        0x2 
 .text.LINFLEXD5_UART_RxIRQHandler
                0x40006894       0x16 ./SDK/platform/drivers/src/linflexd/linflexd_uart_irq.o
                0x40006894                LINFLEXD5_UART_RxIRQHandler
 *fill*         0x400068aa        0x2 
 .text.LINFLEXD6_UART_RxIRQHandler
                0x400068ac       0x16 ./SDK/platform/drivers/src/linflexd/linflexd_uart_irq.o
                0x400068ac                LINFLEXD6_UART_RxIRQHandler
 *fill*         0x400068c2        0x2 
 .text.LINFLEXD7_UART_RxIRQHandler
                0x400068c4       0x16 ./SDK/platform/drivers/src/linflexd/linflexd_uart_irq.o
                0x400068c4                LINFLEXD7_UART_RxIRQHandler
 *fill*         0x400068da        0x2 
 .text.LINFLEXD8_UART_RxIRQHandler
                0x400068dc       0x16 ./SDK/platform/drivers/src/linflexd/linflexd_uart_irq.o
                0x400068dc                LINFLEXD8_UART_RxIRQHandler
 *fill*         0x400068f2        0x2 
 .text.LINFLEXD9_UART_RxIRQHandler
                0x400068f4       0x16 ./SDK/platform/drivers/src/linflexd/linflexd_uart_irq.o
                0x400068f4                LINFLEXD9_UART_RxIRQHandler
 *fill*         0x4000690a        0x2 
 .text.LINFLEXD10_UART_RxIRQHandler
                0x4000690c       0x16 ./SDK/platform/drivers/src/linflexd/linflexd_uart_irq.o
                0x4000690c                LINFLEXD10_UART_RxIRQHandler
 *fill*         0x40006922        0x2 
 .text.LINFLEXD11_UART_RxIRQHandler
                0x40006924       0x16 ./SDK/platform/drivers/src/linflexd/linflexd_uart_irq.o
                0x40006924                LINFLEXD11_UART_RxIRQHandler
 *fill*         0x4000693a        0x2 
 .text.LINFLEXD12_UART_RxIRQHandler
                0x4000693c       0x16 ./SDK/platform/drivers/src/linflexd/linflexd_uart_irq.o
                0x4000693c                LINFLEXD12_UART_RxIRQHandler
 *fill*         0x40006952        0x2 
 .text.LINFLEXD13_UART_RxIRQHandler
                0x40006954       0x16 ./SDK/platform/drivers/src/linflexd/linflexd_uart_irq.o
                0x40006954                LINFLEXD13_UART_RxIRQHandler
 *fill*         0x4000696a        0x2 
 .text.LINFLEXD14_UART_RxIRQHandler
                0x4000696c       0x16 ./SDK/platform/drivers/src/linflexd/linflexd_uart_irq.o
                0x4000696c                LINFLEXD14_UART_RxIRQHandler
 *fill*         0x40006982        0x2 
 .text.LINFLEXD15_UART_RxIRQHandler
                0x40006984       0x16 ./SDK/platform/drivers/src/linflexd/linflexd_uart_irq.o
                0x40006984                LINFLEXD15_UART_RxIRQHandler
 *fill*         0x4000699a        0x2 
 .text.LINFLEXD16_UART_RxIRQHandler
                0x4000699c       0x16 ./SDK/platform/drivers/src/linflexd/linflexd_uart_irq.o
                0x4000699c                LINFLEXD16_UART_RxIRQHandler
 *fill*         0x400069b2        0x2 
 .text.LINFLEXD17_UART_RxIRQHandler
                0x400069b4       0x16 ./SDK/platform/drivers/src/linflexd/linflexd_uart_irq.o
                0x400069b4                LINFLEXD17_UART_RxIRQHandler
 *fill*         0x400069ca        0x2 
 .text.LINFLEXD0_UART_TxIRQHandler
                0x400069cc       0x16 ./SDK/platform/drivers/src/linflexd/linflexd_uart_irq.o
                0x400069cc                LINFLEXD0_UART_TxIRQHandler
 *fill*         0x400069e2        0x2 
 .text.LINFLEXD1_UART_TxIRQHandler
                0x400069e4       0x16 ./SDK/platform/drivers/src/linflexd/linflexd_uart_irq.o
                0x400069e4                LINFLEXD1_UART_TxIRQHandler
 *fill*         0x400069fa        0x2 
 .text.LINFLEXD2_UART_TxIRQHandler
                0x400069fc       0x16 ./SDK/platform/drivers/src/linflexd/linflexd_uart_irq.o
                0x400069fc                LINFLEXD2_UART_TxIRQHandler
 *fill*         0x40006a12        0x2 
 .text.LINFLEXD3_UART_TxIRQHandler
                0x40006a14       0x16 ./SDK/platform/drivers/src/linflexd/linflexd_uart_irq.o
                0x40006a14                LINFLEXD3_UART_TxIRQHandler
 *fill*         0x40006a2a        0x2 
 .text.LINFLEXD4_UART_TxIRQHandler
                0x40006a2c       0x16 ./SDK/platform/drivers/src/linflexd/linflexd_uart_irq.o
                0x40006a2c                LINFLEXD4_UART_TxIRQHandler
 *fill*         0x40006a42        0x2 
 .text.LINFLEXD5_UART_TxIRQHandler
                0x40006a44       0x16 ./SDK/platform/drivers/src/linflexd/linflexd_uart_irq.o
                0x40006a44                LINFLEXD5_UART_TxIRQHandler
 *fill*         0x40006a5a        0x2 
 .text.LINFLEXD6_UART_TxIRQHandler
                0x40006a5c       0x16 ./SDK/platform/drivers/src/linflexd/linflexd_uart_irq.o
                0x40006a5c                LINFLEXD6_UART_TxIRQHandler
 *fill*         0x40006a72        0x2 
 .text.LINFLEXD7_UART_TxIRQHandler
                0x40006a74       0x16 ./SDK/platform/drivers/src/linflexd/linflexd_uart_irq.o
                0x40006a74                LINFLEXD7_UART_TxIRQHandler
 *fill*         0x40006a8a        0x2 
 .text.LINFLEXD8_UART_TxIRQHandler
                0x40006a8c       0x16 ./SDK/platform/drivers/src/linflexd/linflexd_uart_irq.o
                0x40006a8c                LINFLEXD8_UART_TxIRQHandler
 *fill*         0x40006aa2        0x2 
 .text.LINFLEXD9_UART_TxIRQHandler
                0x40006aa4       0x16 ./SDK/platform/drivers/src/linflexd/linflexd_uart_irq.o
                0x40006aa4                LINFLEXD9_UART_TxIRQHandler
 *fill*         0x40006aba        0x2 
 .text.LINFLEXD10_UART_TxIRQHandler
                0x40006abc       0x16 ./SDK/platform/drivers/src/linflexd/linflexd_uart_irq.o
                0x40006abc                LINFLEXD10_UART_TxIRQHandler
 *fill*         0x40006ad2        0x2 
 .text.LINFLEXD11_UART_TxIRQHandler
                0x40006ad4       0x16 ./SDK/platform/drivers/src/linflexd/linflexd_uart_irq.o
                0x40006ad4                LINFLEXD11_UART_TxIRQHandler
 *fill*         0x40006aea        0x2 
 .text.LINFLEXD12_UART_TxIRQHandler
                0x40006aec       0x16 ./SDK/platform/drivers/src/linflexd/linflexd_uart_irq.o
                0x40006aec                LINFLEXD12_UART_TxIRQHandler
 *fill*         0x40006b02        0x2 
 .text.LINFLEXD13_UART_TxIRQHandler
                0x40006b04       0x16 ./SDK/platform/drivers/src/linflexd/linflexd_uart_irq.o
                0x40006b04                LINFLEXD13_UART_TxIRQHandler
 *fill*         0x40006b1a        0x2 
 .text.LINFLEXD14_UART_TxIRQHandler
                0x40006b1c       0x16 ./SDK/platform/drivers/src/linflexd/linflexd_uart_irq.o
                0x40006b1c                LINFLEXD14_UART_TxIRQHandler
 *fill*         0x40006b32        0x2 
 .text.LINFLEXD15_UART_TxIRQHandler
                0x40006b34       0x16 ./SDK/platform/drivers/src/linflexd/linflexd_uart_irq.o
                0x40006b34                LINFLEXD15_UART_TxIRQHandler
 *fill*         0x40006b4a        0x2 
 .text.LINFLEXD16_UART_TxIRQHandler
                0x40006b4c       0x16 ./SDK/platform/drivers/src/linflexd/linflexd_uart_irq.o
                0x40006b4c                LINFLEXD16_UART_TxIRQHandler
 *fill*         0x40006b62        0x2 
 .text.LINFLEXD17_UART_TxIRQHandler
                0x40006b64       0x16 ./SDK/platform/drivers/src/linflexd/linflexd_uart_irq.o
                0x40006b64                LINFLEXD17_UART_TxIRQHandler
 *fill*         0x40006b7a        0x2 
 .text.LINFLEXD0_UART_ErrIRQHandler
                0x40006b7c       0x16 ./SDK/platform/drivers/src/linflexd/linflexd_uart_irq.o
                0x40006b7c                LINFLEXD0_UART_ErrIRQHandler
 *fill*         0x40006b92        0x2 
 .text.LINFLEXD1_UART_ErrIRQHandler
                0x40006b94       0x16 ./SDK/platform/drivers/src/linflexd/linflexd_uart_irq.o
                0x40006b94                LINFLEXD1_UART_ErrIRQHandler
 *fill*         0x40006baa        0x2 
 .text.LINFLEXD2_UART_ErrIRQHandler
                0x40006bac       0x16 ./SDK/platform/drivers/src/linflexd/linflexd_uart_irq.o
                0x40006bac                LINFLEXD2_UART_ErrIRQHandler
 *fill*         0x40006bc2        0x2 
 .text.LINFLEXD3_UART_ErrIRQHandler
                0x40006bc4       0x16 ./SDK/platform/drivers/src/linflexd/linflexd_uart_irq.o
                0x40006bc4                LINFLEXD3_UART_ErrIRQHandler
 *fill*         0x40006bda        0x2 
 .text.LINFLEXD4_UART_ErrIRQHandler
                0x40006bdc       0x16 ./SDK/platform/drivers/src/linflexd/linflexd_uart_irq.o
                0x40006bdc                LINFLEXD4_UART_ErrIRQHandler
 *fill*         0x40006bf2        0x2 
 .text.LINFLEXD5_UART_ErrIRQHandler
                0x40006bf4       0x16 ./SDK/platform/drivers/src/linflexd/linflexd_uart_irq.o
                0x40006bf4                LINFLEXD5_UART_ErrIRQHandler
 *fill*         0x40006c0a        0x2 
 .text.LINFLEXD6_UART_ErrIRQHandler
                0x40006c0c       0x16 ./SDK/platform/drivers/src/linflexd/linflexd_uart_irq.o
                0x40006c0c                LINFLEXD6_UART_ErrIRQHandler
 *fill*         0x40006c22        0x2 
 .text.LINFLEXD7_UART_ErrIRQHandler
                0x40006c24       0x16 ./SDK/platform/drivers/src/linflexd/linflexd_uart_irq.o
                0x40006c24                LINFLEXD7_UART_ErrIRQHandler
 *fill*         0x40006c3a        0x2 
 .text.LINFLEXD8_UART_ErrIRQHandler
                0x40006c3c       0x16 ./SDK/platform/drivers/src/linflexd/linflexd_uart_irq.o
                0x40006c3c                LINFLEXD8_UART_ErrIRQHandler
 *fill*         0x40006c52        0x2 
 .text.LINFLEXD9_UART_ErrIRQHandler
                0x40006c54       0x16 ./SDK/platform/drivers/src/linflexd/linflexd_uart_irq.o
                0x40006c54                LINFLEXD9_UART_ErrIRQHandler
 *fill*         0x40006c6a        0x2 
 .text.LINFLEXD10_UART_ErrIRQHandler
                0x40006c6c       0x16 ./SDK/platform/drivers/src/linflexd/linflexd_uart_irq.o
                0x40006c6c                LINFLEXD10_UART_ErrIRQHandler
 *fill*         0x40006c82        0x2 
 .text.LINFLEXD11_UART_ErrIRQHandler
                0x40006c84       0x16 ./SDK/platform/drivers/src/linflexd/linflexd_uart_irq.o
                0x40006c84                LINFLEXD11_UART_ErrIRQHandler
 *fill*         0x40006c9a        0x2 
 .text.LINFLEXD12_UART_ErrIRQHandler
                0x40006c9c       0x16 ./SDK/platform/drivers/src/linflexd/linflexd_uart_irq.o
                0x40006c9c                LINFLEXD12_UART_ErrIRQHandler
 *fill*         0x40006cb2        0x2 
 .text.LINFLEXD13_UART_ErrIRQHandler
                0x40006cb4       0x16 ./SDK/platform/drivers/src/linflexd/linflexd_uart_irq.o
                0x40006cb4                LINFLEXD13_UART_ErrIRQHandler
 *fill*         0x40006cca        0x2 
 .text.LINFLEXD14_UART_ErrIRQHandler
                0x40006ccc       0x16 ./SDK/platform/drivers/src/linflexd/linflexd_uart_irq.o
                0x40006ccc                LINFLEXD14_UART_ErrIRQHandler
 *fill*         0x40006ce2        0x2 
 .text.LINFLEXD15_UART_ErrIRQHandler
                0x40006ce4       0x16 ./SDK/platform/drivers/src/linflexd/linflexd_uart_irq.o
                0x40006ce4                LINFLEXD15_UART_ErrIRQHandler
 *fill*         0x40006cfa        0x2 
 .text.LINFLEXD16_UART_ErrIRQHandler
                0x40006cfc       0x16 ./SDK/platform/drivers/src/linflexd/linflexd_uart_irq.o
                0x40006cfc                LINFLEXD16_UART_ErrIRQHandler
 *fill*         0x40006d12        0x2 
 .text.LINFLEXD17_UART_ErrIRQHandler
                0x40006d14       0x16 ./SDK/platform/drivers/src/linflexd/linflexd_uart_irq.o
                0x40006d14                LINFLEXD17_UART_ErrIRQHandler
 *fill*         0x40006d2a        0x2 
 .text.PINS_DRV_Init
                0x40006d2c       0x38 ./SDK/platform/drivers/src/pins/siul2/pins_siul2_driver.o
                0x40006d2c                PINS_DRV_Init
 .text.PINS_DRV_TogglePins
                0x40006d64       0x4c ./SDK/platform/drivers/src/pins/siul2/pins_siul2_driver.o
                0x40006d64                PINS_DRV_TogglePins
 .text.PINS_Init
                0x40006db0      0x14a ./SDK/platform/drivers/src/pins/siul2/siul2_hw_access.o
                0x40006db0                PINS_Init
 *fill*         0x40006efa        0x2 
 .text.OSIF_SemaPost
                0x40006efc       0x3a ./SDK/rtos/osif/osif_baremetal.o
                0x40006efc                OSIF_SemaPost
 *fill*         0x40006f36        0x2 
 .text.OSIF_SemaCreate
                0x40006f38       0x28 ./SDK/rtos/osif/osif_baremetal.o
                0x40006f38                OSIF_SemaCreate
 .text.sysInit  0x40006f60       0x7c ./Sources/main.o
                0x40006f60                sysInit
 .text.eMIOSConfig
                0x40006fdc      0x1ae ./Sources/main.o
                0x40006fdc                eMIOSConfig
 *fill*         0x4000718a        0x2 
 .text.eMIOSReset
                0x4000718c       0x70 ./Sources/main.o
                0x4000718c                eMIOSReset
 .text.print    0x400071fc       0x3e ./Sources/main.o
                0x400071fc                print
 *fill*         0x4000723a        0x2 
 .text.readOption
                0x4000723c       0x62 ./Sources/main.o
                0x4000723c                readOption
 *fill*         0x4000729e        0x2 
 .text.readCycles
                0x400072a0      0x1b8 ./Sources/main.o
                0x400072a0                readCycles
 .text.max_index
                0x40007458       0x2e ./Sources/main.o
                0x40007458                max_index
 *fill*         0x40007486        0x2 
 .text.main     0x40007488      0x31a ./Sources/main.o
                0x40007488                main
 .text.sbrk     0x400077a2       0x3a C:/NXP/S32DS_Power_v2.1/S32DS/build_tools/e200_ewl2/lib/e200z4/fp\libc99.a(alloc.o)
                0x400077a2                sbrk
 .text.malloc   0x400077dc      0x158 C:/NXP/S32DS_Power_v2.1/S32DS/build_tools/e200_ewl2/lib/e200z4/fp\libc99.a(alloc.o)
                0x400077dc                malloc
 .text.free     0x40007934       0x16 C:/NXP/S32DS_Power_v2.1/S32DS/build_tools/e200_ewl2/lib/e200z4/fp\libc99.a(alloc.o)
                0x40007934                free
 .text.isalpha  0x4000794a       0x1e C:/NXP/S32DS_Power_v2.1/S32DS/build_tools/e200_ewl2/lib/e200z4/fp\libc99.a(atoi.o)
                0x4000794a                isalpha
 .text.isspace  0x40007968       0x22 C:/NXP/S32DS_Power_v2.1/S32DS/build_tools/e200_ewl2/lib/e200z4/fp\libc99.a(atoi.o)
                0x40007968                isspace
 .text.toupper  0x4000798a       0x16 C:/NXP/S32DS_Power_v2.1/S32DS/build_tools/e200_ewl2/lib/e200z4/fp\libc99.a(atoi.o)
                0x4000798a                toupper
 .text.strtol   0x400079a0       0x86 C:/NXP/S32DS_Power_v2.1/S32DS/build_tools/e200_ewl2/lib/e200z4/fp\libc99.a(atoi.o)
                0x400079a0                strtol
 .text.atoi     0x40007a26        0x8 C:/NXP/S32DS_Power_v2.1/S32DS/build_tools/e200_ewl2/lib/e200z4/fp\libc99.a(atoi.o)
                0x40007a26                atoi
 .text.__strtoul
                0x40007a2e      0x24a C:/NXP/S32DS_Power_v2.1/S32DS/build_tools/e200_ewl2/lib/e200z4/fp\libc99.a(__strtoul.o)
                0x40007a2e                __strtoul
 .text.memset   0x40007c78       0x1a C:/NXP/S32DS_Power_v2.1/S32DS/build_tools/e200_ewl2/lib/e200z4/fp\libc99.a(memset.o)
                0x40007c78                memset
 .text.strcpy   0x40007c92       0x14 C:/NXP/S32DS_Power_v2.1/S32DS/build_tools/e200_ewl2/lib/e200z4/fp\libc99.a(strcpy.o)
                0x40007c92                strcpy
 .text.strlen   0x40007ca6       0x12 C:/NXP/S32DS_Power_v2.1/S32DS/build_tools/e200_ewl2/lib/e200z4/fp\libc99.a(strlen.o)
                0x40007ca6                strlen
 .text.strtok   0x40007cb8       0xde C:/NXP/S32DS_Power_v2.1/S32DS/build_tools/e200_ewl2/lib/e200z4/fp\libc99.a(strtok.o)
                0x40007cb8                strtok
 .text.__StringRead
                0x40007d96       0x4a C:/NXP/S32DS_Power_v2.1/S32DS/build_tools/e200_ewl2/lib/e200z4/fp\libc99.a(__StringRead.o)
                0x40007d96                __StringRead
 .text.__fill_mem
                0x40007de0       0xa0 C:/NXP/S32DS_Power_v2.1/S32DS/build_tools/e200_ewl2/lib/e200z4/fp\libc99.a(__filll_mem.o)
                0x40007de0                __fill_mem
 *(.init)
 .init          0x40007e80        0xc c:/nxp/s32ds_power_v2.1/s32ds/build_tools/powerpc-eabivle-4_9/bin/../lib/gcc/powerpc-eabivle/4.9.4/e200z4/fp/ecrti.o
                0x40007e80                __init
 .init          0x40007e8c        0x4 c:/nxp/s32ds_power_v2.1/s32ds/build_tools/powerpc-eabivle-4_9/bin/../lib/gcc/powerpc-eabivle/4.9.4/e200z4/fp/crtbegin.o
 .init          0x40007e90        0x4 c:/nxp/s32ds_power_v2.1/s32ds/build_tools/powerpc-eabivle-4_9/bin/../lib/gcc/powerpc-eabivle/4.9.4/e200z4/fp/crtend.o
 .init          0x40007e94        0xa c:/nxp/s32ds_power_v2.1/s32ds/build_tools/powerpc-eabivle-4_9/bin/../lib/gcc/powerpc-eabivle/4.9.4/e200z4/fp/ecrtn.o
 *(.fini)
 *fill*         0x40007e9e        0x2 
 .fini          0x40007ea0        0xc c:/nxp/s32ds_power_v2.1/s32ds/build_tools/powerpc-eabivle-4_9/bin/../lib/gcc/powerpc-eabivle/4.9.4/e200z4/fp/ecrti.o
                0x40007ea0                __fini
 .fini          0x40007eac        0x4 c:/nxp/s32ds_power_v2.1/s32ds/build_tools/powerpc-eabivle-4_9/bin/../lib/gcc/powerpc-eabivle/4.9.4/e200z4/fp/crtbegin.o
 .fini          0x40007eb0        0xa c:/nxp/s32ds_power_v2.1/s32ds/build_tools/powerpc-eabivle-4_9/bin/../lib/gcc/powerpc-eabivle/4.9.4/e200z4/fp/ecrtn.o
 *(.rchw)
 *(.cpu0_reset_vector)
 *(.cpu1_reset_vector)
 *(.cpu2_reset_vector)
                0x40007ec0                . = ALIGN (0x10)
 *fill*         0x40007eba        0x6 

.glink          0x40007ec0        0x0
 .glink         0x40007ec0        0x0 c:/nxp/s32ds_power_v2.1/s32ds/build_tools/powerpc-eabivle-4_9/bin/../lib/gcc/powerpc-eabivle/4.9.4/e200z4/fp/crtbegin.o

.sdata2         0x40007ec0        0x0
                0x40007ec0                . = ALIGN (0x4)
                0x40007ec0                __sdata2_start__ = .
 *(.sdata2)
 .sdata2        0x40007ec0        0x0 c:/nxp/s32ds_power_v2.1/s32ds/build_tools/powerpc-eabivle-4_9/bin/../lib/gcc/powerpc-eabivle/4.9.4/e200z4/fp/ecrti.o
                0x40007ec0                __SDATA2_START__
 .sdata2        0x40007ec0        0x0 c:/nxp/s32ds_power_v2.1/s32ds/build_tools/powerpc-eabivle-4_9/bin/../lib/gcc/powerpc-eabivle/4.9.4/e200z4/fp/crtbegin.o
                0x4000fec0                _SDA2_BASE_
 *(.sdata2.*)
                0x40007ec0                . = ALIGN (0x4)
                0x40007ec0                __sdata2_end__ = .

.preinit_array  0x40007ec0        0x0
                [!provide]                PROVIDE (__preinit_array_start, .)
 *(.preinit_array)
                [!provide]                PROVIDE (__preinit_array_end, .)

.init_array     0x40007ec0        0x0
                [!provide]                PROVIDE (__init_array_start, .)
 *(SORT(.init_array.*))
 *(.init_array)
                [!provide]                PROVIDE (__init_array_end, .)

.fini_array     0x40007ec0        0x0
                [!provide]                PROVIDE (__fini_array_start, .)
 *(SORT(.fini_array.*))
 *(.fini_array)
                [!provide]                PROVIDE (__fini_array_end, .)

.dtors          0x40007ec0        0x8
 *crtbegin.o(.dtors)
 .dtors         0x40007ec0        0x4 c:/nxp/s32ds_power_v2.1/s32ds/build_tools/powerpc-eabivle-4_9/bin/../lib/gcc/powerpc-eabivle/4.9.4/e200z4/fp/crtbegin.o
 *crtbegin?.o(.dtors)
 *(EXCLUDE_FILE(*crtend?.o *crtend.o) .dtors)
 .dtors         0x40007ec4        0x0 c:/nxp/s32ds_power_v2.1/s32ds/build_tools/powerpc-eabivle-4_9/bin/../lib/gcc/powerpc-eabivle/4.9.4/e200z4/fp/ecrti.o
                0x40007ec4                __DTOR_LIST__
 .dtors         0x40007ec4        0x0 c:/nxp/s32ds_power_v2.1/s32ds/build_tools/powerpc-eabivle-4_9/bin/../lib/gcc/powerpc-eabivle/4.9.4/e200z4/fp/ecrtn.o
 *(SORT(.dtors.*))
 *(.dtors)
 .dtors         0x40007ec4        0x4 c:/nxp/s32ds_power_v2.1/s32ds/build_tools/powerpc-eabivle-4_9/bin/../lib/gcc/powerpc-eabivle/4.9.4/e200z4/fp/crtend.o
                0x40007ec4                __DTOR_END__

.ctors          0x40007ec8        0x8
 *crtbegin.o(.ctors)
 .ctors         0x40007ec8        0x4 c:/nxp/s32ds_power_v2.1/s32ds/build_tools/powerpc-eabivle-4_9/bin/../lib/gcc/powerpc-eabivle/4.9.4/e200z4/fp/crtbegin.o
 *crtbegin?.o(.ctors)
 *(EXCLUDE_FILE(*crtend?.o *crtend.o) .ctors)
 .ctors         0x40007ecc        0x0 c:/nxp/s32ds_power_v2.1/s32ds/build_tools/powerpc-eabivle-4_9/bin/../lib/gcc/powerpc-eabivle/4.9.4/e200z4/fp/ecrti.o
                0x40007ecc                __CTOR_LIST__
 .ctors         0x40007ecc        0x0 c:/nxp/s32ds_power_v2.1/s32ds/build_tools/powerpc-eabivle-4_9/bin/../lib/gcc/powerpc-eabivle/4.9.4/e200z4/fp/ecrtn.o
                0x40007ecc                __CTOR_END__
 *(SORT(.ctors.*))
 *(.ctors)
 .ctors         0x40007ecc        0x4 c:/nxp/s32ds_power_v2.1/s32ds/build_tools/powerpc-eabivle-4_9/bin/../lib/gcc/powerpc-eabivle/4.9.4/e200z4/fp/crtend.o
                0x00000000                __CODE_ROM = 0x0
                0x00000000                __CODE_END = 0x0

.code_ram       0x40007ed0        0x0
                0x40007ed0                . = ALIGN (0x4)
                0x40007ed0                __CODE_RAM = .
                0x40007ed0                __code_ram_start__ = .
 *(.code_ram)
                0x40007ed0                __code_ram_end__ = .
                0x40007ed0                . = ALIGN (0x4)

.rodata         0x40007ed0      0xc7c
 *(.rodata)
 *(.rodata.*)
 .rodata.linflexd_uart1_InitConfig0
                0x40007ed0       0x1c ./Generated_Code/linflexd_uart1.o
                0x40007ed0                linflexd_uart1_InitConfig0
 .rodata.s_vectors
                0x40007eec        0xc ./SDK/platform/devices/startup.o
 .rodata.CLOCK_DRV_GetFreq
                0x40007ef8       0x6c ./SDK/platform/drivers/src/clock/MPC57xx/clock_MPC57xx.o
 .rodata.CLOCK_DRV_Init
                0x40007f64       0xe8 ./SDK/platform/drivers/src/clock/MPC57xx/clock_MPC57xx.o
 .rodata.interfaceClocks
                0x4000804c      0x218 ./SDK/platform/drivers/src/clock/MPC57xx/clock_MPC57xx.o
 .rodata.monitoredClocks
                0x40008264      0x218 ./SDK/platform/drivers/src/clock/MPC57xx/clock_MPC57xx.o
 .rodata.clockNameMappings
                0x4000847c      0x10c ./SDK/platform/drivers/src/clock/MPC57xx/clock_MPC57xx.o
                0x4000847c                clockNameMappings
 .rodata.EDMA_DRV_ConfigSingleBlockTransfer
                0x40008588       0x10 ./SDK/platform/drivers/src/edma/edma_driver.o
 .rodata.eMIOS  0x40008598        0xc ./SDK/platform/drivers/src/emios/emios_common.o
                0x40008598                eMIOS
 .rodata.eMIOSModeAccept
                0x400085a4       0x90 ./SDK/platform/drivers/src/emios/emios_hw_access.o
 .rodata.EMIOS_DRV_PWM_InitMode
                0x40008634       0xf4 ./SDK/platform/drivers/src/emios/emios_pwm_driver.o
 .rodata.s_uartLINFlexDRxIntVec
                0x40008728       0x48 ./SDK/platform/drivers/src/linflexd/linflexd_uart_driver.o
 .rodata.s_uartLINFlexDErrIntVec
                0x40008770       0x48 ./SDK/platform/drivers/src/linflexd/linflexd_uart_driver.o
 .rodata.s_uartLINFlexDTxIntVec
                0x400087b8       0x48 ./SDK/platform/drivers/src/linflexd/linflexd_uart_driver.o
 .rodata.s_uartLINFlexDClkNames
                0x40008800       0x48 ./SDK/platform/drivers/src/linflexd/linflexd_uart_driver.o
 .rodata.s_LINFlexDBase
                0x40008848       0x48 ./SDK/platform/drivers/src/linflexd/linflexd_uart_driver.o
 .rodata.s_LINFlexDInstHasFilters
                0x40008890       0x12 ./SDK/platform/drivers/src/linflexd/linflexd_uart_driver.o
 *fill*         0x400088a2        0x2 
 .rodata.g_uartLINFlexDTxIsr
                0x400088a4       0x48 ./SDK/platform/drivers/src/linflexd/linflexd_uart_irq.o
                0x400088a4                g_uartLINFlexDTxIsr
 .rodata.g_uartLINFlexDErrIsr
                0x400088ec       0x48 ./SDK/platform/drivers/src/linflexd/linflexd_uart_irq.o
                0x400088ec                g_uartLINFlexDErrIsr
 .rodata.g_uartLINFlexDRxIsr
                0x40008934       0x48 ./SDK/platform/drivers/src/linflexd/linflexd_uart_irq.o
                0x40008934                g_uartLINFlexDRxIsr
 .rodata.str1.4
                0x4000897c        0xc ./Sources/main.o
                                  0xa (size before relaxing)
 .rodata.__strtoul
                0x40008988       0x40 C:/NXP/S32DS_Power_v2.1/S32DS/build_tools/e200_ewl2/lib/e200z4/fp\libc99.a(__strtoul.o)
 .rodata.str1.1
                0x400089c8        0x1 C:/NXP/S32DS_Power_v2.1/S32DS/build_tools/e200_ewl2/lib/e200z4/fp\libc99.a(strtok.o)
 *fill*         0x400089c9        0x3 
 .rodata.__upper_mapC
                0x400089cc       0x80 C:/NXP/S32DS_Power_v2.1/S32DS/build_tools/e200_ewl2/lib/e200z4/fp\libc99.a(ctype.o)
                0x400089cc                __upper_mapC
 .rodata.__ctype_mapC
                0x40008a4c      0x100 C:/NXP/S32DS_Power_v2.1/S32DS/build_tools/e200_ewl2/lib/e200z4/fp\libc99.a(ctype.o)
                0x40008a4c                __ctype_mapC

.sbss2          0x40008b4c        0x0
 .sbss2         0x40008b4c        0x0 c:/nxp/s32ds_power_v2.1/s32ds/build_tools/powerpc-eabivle-4_9/bin/../lib/gcc/powerpc-eabivle/4.9.4/e200z4/fp/ecrtn.o

.eh_frame_hdr   0x40008b4c       0x14
 *(.eh_frame_hdr)
 .eh_frame_hdr  0x40008b4c       0x14 c:/nxp/s32ds_power_v2.1/s32ds/build_tools/powerpc-eabivle-4_9/bin/../lib/gcc/powerpc-eabivle/4.9.4/e200z4/fp\libgcc.a(_divdi3.o)
                0x40008b4c                __GNU_EH_FRAME_HDR

.eh_frame       0x40008b60       0x84
 *(.eh_frame)
 .eh_frame      0x40008b60        0x0 c:/nxp/s32ds_power_v2.1/s32ds/build_tools/powerpc-eabivle-4_9/bin/../lib/gcc/powerpc-eabivle/4.9.4/e200z4/fp/ecrti.o
                0x40008b60                __EH_FRAME_BEGIN__
 .eh_frame      0x40008b60        0x0 c:/nxp/s32ds_power_v2.1/s32ds/build_tools/powerpc-eabivle-4_9/bin/../lib/gcc/powerpc-eabivle/4.9.4/e200z4/fp/crtbegin.o
 .eh_frame      0x40008b60        0x0 c:/nxp/s32ds_power_v2.1/s32ds/build_tools/powerpc-eabivle-4_9/bin/../lib/gcc/powerpc-eabivle/4.9.4/e200z4/fp/crtbegin.o
 .eh_frame      0x40008b60        0x0 c:/nxp/s32ds_power_v2.1/s32ds/build_tools/powerpc-eabivle-4_9/bin/../lib/gcc/powerpc-eabivle/4.9.4/e200z4/fp\libgcc.a(_divdi3.o)
                                 0x40 (size before relaxing)
 .eh_frame      0x40008b60        0x0 c:/nxp/s32ds_power_v2.1/s32ds/build_tools/powerpc-eabivle-4_9/bin/../lib/gcc/powerpc-eabivle/4.9.4/e200z4/fp\libgcc.a(_udivdi3.o)
                                 0x48 (size before relaxing)
 .eh_frame      0x40008b60       0x7c c:/nxp/s32ds_power_v2.1/s32ds/build_tools/powerpc-eabivle-4_9/bin/../lib/gcc/powerpc-eabivle/4.9.4/e200z4/fp\libgcc.a(e200crtresxgpr.o)
 .eh_frame      0x40008bdc        0x4 c:/nxp/s32ds_power_v2.1/s32ds/build_tools/powerpc-eabivle-4_9/bin/../lib/gcc/powerpc-eabivle/4.9.4/e200z4/fp/crtend.o
 .eh_frame      0x40008be0        0x4 c:/nxp/s32ds_power_v2.1/s32ds/build_tools/powerpc-eabivle-4_9/bin/../lib/gcc/powerpc-eabivle/4.9.4/e200z4/fp/ecrtn.o
                0x40008be0                __EH_FRAME_END__

.init_table     0x40008be4       0x40
                0x40008be4                . = ALIGN (0x4)
                0x40008be4                __COPY_TABLE = .
 *(.init_table)
 .init_table    0x40008be4       0x40 ./Project_Settings/Startup_Code/startup_MPC5748G.o

.zero_table     0x40008c24       0x14
                0x40008c24                . = ALIGN (0x4)
                0x40008c24                __ZERO_TABLE = .
 *(.zero_table)
 .zero_table    0x40008c24       0x14 ./Project_Settings/Startup_Code/startup_MPC5748G.o
                0x40008c38                __TEXT_END = .
                0x00000000                __DATA_ROM = 0x0
                0x00000000                __DATA_END = 0x0

.rela.dyn       0x40008c38        0x0
 .rela.iplt     0x40008c38        0x0 c:/nxp/s32ds_power_v2.1/s32ds/build_tools/powerpc-eabivle-4_9/bin/../lib/gcc/powerpc-eabivle/4.9.4/e200z4/fp/crtbegin.o
 .rela.text     0x40008c38        0x0 c:/nxp/s32ds_power_v2.1/s32ds/build_tools/powerpc-eabivle-4_9/bin/../lib/gcc/powerpc-eabivle/4.9.4/e200z4/fp/crtbegin.o
 .rela.init_table
                0x40008c38        0x0 c:/nxp/s32ds_power_v2.1/s32ds/build_tools/powerpc-eabivle-4_9/bin/../lib/gcc/powerpc-eabivle/4.9.4/e200z4/fp/crtbegin.o
 .rela.zero_table
                0x40008c38        0x0 c:/nxp/s32ds_power_v2.1/s32ds/build_tools/powerpc-eabivle-4_9/bin/../lib/gcc/powerpc-eabivle/4.9.4/e200z4/fp/crtbegin.o
 .rela.cpu0_reset_vector
                0x40008c38        0x0 c:/nxp/s32ds_power_v2.1/s32ds/build_tools/powerpc-eabivle-4_9/bin/../lib/gcc/powerpc-eabivle/4.9.4/e200z4/fp/crtbegin.o
 .rela.intc_vector_table
                0x40008c38        0x0 c:/nxp/s32ds_power_v2.1/s32ds/build_tools/powerpc-eabivle-4_9/bin/../lib/gcc/powerpc-eabivle/4.9.4/e200z4/fp/crtbegin.o
 .rela.text.init_data_bss
                0x40008c38        0x0 c:/nxp/s32ds_power_v2.1/s32ds/build_tools/powerpc-eabivle-4_9/bin/../lib/gcc/powerpc-eabivle/4.9.4/e200z4/fp/crtbegin.o
 .rela.text.INT_SYS_InstallHandler
                0x40008c38        0x0 c:/nxp/s32ds_power_v2.1/s32ds/build_tools/powerpc-eabivle-4_9/bin/../lib/gcc/powerpc-eabivle/4.9.4/e200z4/fp/crtbegin.o
 .rela.text.LINFLEXD_UART_DRV_Init
                0x40008c38        0x0 c:/nxp/s32ds_power_v2.1/s32ds/build_tools/powerpc-eabivle-4_9/bin/../lib/gcc/powerpc-eabivle/4.9.4/e200z4/fp/crtbegin.o
 .rela.text.LINFLEXD_UART_DRV_Deinit
                0x40008c38        0x0 c:/nxp/s32ds_power_v2.1/s32ds/build_tools/powerpc-eabivle-4_9/bin/../lib/gcc/powerpc-eabivle/4.9.4/e200z4/fp/crtbegin.o
 .rela.text.sbrk
                0x40008c38        0x0 c:/nxp/s32ds_power_v2.1/s32ds/build_tools/powerpc-eabivle-4_9/bin/../lib/gcc/powerpc-eabivle/4.9.4/e200z4/fp/crtbegin.o
 .rela.text.isalnum
                0x40008c38        0x0 c:/nxp/s32ds_power_v2.1/s32ds/build_tools/powerpc-eabivle-4_9/bin/../lib/gcc/powerpc-eabivle/4.9.4/e200z4/fp/crtbegin.o
 .rela.text.isalpha
                0x40008c38        0x0 c:/nxp/s32ds_power_v2.1/s32ds/build_tools/powerpc-eabivle-4_9/bin/../lib/gcc/powerpc-eabivle/4.9.4/e200z4/fp/crtbegin.o
 .rela.text.isblank
                0x40008c38        0x0 c:/nxp/s32ds_power_v2.1/s32ds/build_tools/powerpc-eabivle-4_9/bin/../lib/gcc/powerpc-eabivle/4.9.4/e200z4/fp/crtbegin.o
 .rela.text.iscntrl
                0x40008c38        0x0 c:/nxp/s32ds_power_v2.1/s32ds/build_tools/powerpc-eabivle-4_9/bin/../lib/gcc/powerpc-eabivle/4.9.4/e200z4/fp/crtbegin.o
 .rela.text.isdigit
                0x40008c38        0x0 c:/nxp/s32ds_power_v2.1/s32ds/build_tools/powerpc-eabivle-4_9/bin/../lib/gcc/powerpc-eabivle/4.9.4/e200z4/fp/crtbegin.o
 .rela.text.isgraph
                0x40008c38        0x0 c:/nxp/s32ds_power_v2.1/s32ds/build_tools/powerpc-eabivle-4_9/bin/../lib/gcc/powerpc-eabivle/4.9.4/e200z4/fp/crtbegin.o
 .rela.text.islower
                0x40008c38        0x0 c:/nxp/s32ds_power_v2.1/s32ds/build_tools/powerpc-eabivle-4_9/bin/../lib/gcc/powerpc-eabivle/4.9.4/e200z4/fp/crtbegin.o
 .rela.text.isprint
                0x40008c38        0x0 c:/nxp/s32ds_power_v2.1/s32ds/build_tools/powerpc-eabivle-4_9/bin/../lib/gcc/powerpc-eabivle/4.9.4/e200z4/fp/crtbegin.o
 .rela.text.ispunct
                0x40008c38        0x0 c:/nxp/s32ds_power_v2.1/s32ds/build_tools/powerpc-eabivle-4_9/bin/../lib/gcc/powerpc-eabivle/4.9.4/e200z4/fp/crtbegin.o
 .rela.text.isspace
                0x40008c38        0x0 c:/nxp/s32ds_power_v2.1/s32ds/build_tools/powerpc-eabivle-4_9/bin/../lib/gcc/powerpc-eabivle/4.9.4/e200z4/fp/crtbegin.o
 .rela.text.isupper
                0x40008c38        0x0 c:/nxp/s32ds_power_v2.1/s32ds/build_tools/powerpc-eabivle-4_9/bin/../lib/gcc/powerpc-eabivle/4.9.4/e200z4/fp/crtbegin.o
 .rela.text.isxdigit
                0x40008c38        0x0 c:/nxp/s32ds_power_v2.1/s32ds/build_tools/powerpc-eabivle-4_9/bin/../lib/gcc/powerpc-eabivle/4.9.4/e200z4/fp/crtbegin.o
 .rela.text.tolower
                0x40008c38        0x0 c:/nxp/s32ds_power_v2.1/s32ds/build_tools/powerpc-eabivle-4_9/bin/../lib/gcc/powerpc-eabivle/4.9.4/e200z4/fp/crtbegin.o
 .rela.text.toupper
                0x40008c38        0x0 c:/nxp/s32ds_power_v2.1/s32ds/build_tools/powerpc-eabivle-4_9/bin/../lib/gcc/powerpc-eabivle/4.9.4/e200z4/fp/crtbegin.o
 .rela.text.getwchar
                0x40008c38        0x0 c:/nxp/s32ds_power_v2.1/s32ds/build_tools/powerpc-eabivle-4_9/bin/../lib/gcc/powerpc-eabivle/4.9.4/e200z4/fp/crtbegin.o
 .rela.text.strtol
                0x40008c38        0x0 c:/nxp/s32ds_power_v2.1/s32ds/build_tools/powerpc-eabivle-4_9/bin/../lib/gcc/powerpc-eabivle/4.9.4/e200z4/fp/crtbegin.o
 .rela.text.strtoll
                0x40008c38        0x0 c:/nxp/s32ds_power_v2.1/s32ds/build_tools/powerpc-eabivle-4_9/bin/../lib/gcc/powerpc-eabivle/4.9.4/e200z4/fp/crtbegin.o
 .rela.text.strtoull
                0x40008c38        0x0 c:/nxp/s32ds_power_v2.1/s32ds/build_tools/powerpc-eabivle-4_9/bin/../lib/gcc/powerpc-eabivle/4.9.4/e200z4/fp/crtbegin.o
 .rela.text.__getwchar
                0x40008c38        0x0 c:/nxp/s32ds_power_v2.1/s32ds/build_tools/powerpc-eabivle-4_9/bin/../lib/gcc/powerpc-eabivle/4.9.4/e200z4/fp/crtbegin.o
 .rela.text.iswalnum
                0x40008c38        0x0 c:/nxp/s32ds_power_v2.1/s32ds/build_tools/powerpc-eabivle-4_9/bin/../lib/gcc/powerpc-eabivle/4.9.4/e200z4/fp/crtbegin.o
 .rela.text.iswalpha
                0x40008c38        0x0 c:/nxp/s32ds_power_v2.1/s32ds/build_tools/powerpc-eabivle-4_9/bin/../lib/gcc/powerpc-eabivle/4.9.4/e200z4/fp/crtbegin.o
 .rela.text.iswblank
                0x40008c38        0x0 c:/nxp/s32ds_power_v2.1/s32ds/build_tools/powerpc-eabivle-4_9/bin/../lib/gcc/powerpc-eabivle/4.9.4/e200z4/fp/crtbegin.o
 .rela.text.iswcntrl
                0x40008c38        0x0 c:/nxp/s32ds_power_v2.1/s32ds/build_tools/powerpc-eabivle-4_9/bin/../lib/gcc/powerpc-eabivle/4.9.4/e200z4/fp/crtbegin.o
 .rela.text.iswdigit
                0x40008c38        0x0 c:/nxp/s32ds_power_v2.1/s32ds/build_tools/powerpc-eabivle-4_9/bin/../lib/gcc/powerpc-eabivle/4.9.4/e200z4/fp/crtbegin.o
 .rela.text.iswgraph
                0x40008c38        0x0 c:/nxp/s32ds_power_v2.1/s32ds/build_tools/powerpc-eabivle-4_9/bin/../lib/gcc/powerpc-eabivle/4.9.4/e200z4/fp/crtbegin.o
 .rela.text.iswlower
                0x40008c38        0x0 c:/nxp/s32ds_power_v2.1/s32ds/build_tools/powerpc-eabivle-4_9/bin/../lib/gcc/powerpc-eabivle/4.9.4/e200z4/fp/crtbegin.o
 .rela.text.iswprint
                0x40008c38        0x0 c:/nxp/s32ds_power_v2.1/s32ds/build_tools/powerpc-eabivle-4_9/bin/../lib/gcc/powerpc-eabivle/4.9.4/e200z4/fp/crtbegin.o
 .rela.text.iswpunct
                0x40008c38        0x0 c:/nxp/s32ds_power_v2.1/s32ds/build_tools/powerpc-eabivle-4_9/bin/../lib/gcc/powerpc-eabivle/4.9.4/e200z4/fp/crtbegin.o
 .rela.text.iswspace
                0x40008c38        0x0 c:/nxp/s32ds_power_v2.1/s32ds/build_tools/powerpc-eabivle-4_9/bin/../lib/gcc/powerpc-eabivle/4.9.4/e200z4/fp/crtbegin.o
 .rela.text.iswupper
                0x40008c38        0x0 c:/nxp/s32ds_power_v2.1/s32ds/build_tools/powerpc-eabivle-4_9/bin/../lib/gcc/powerpc-eabivle/4.9.4/e200z4/fp/crtbegin.o
 .rela.text.iswxdigit
                0x40008c38        0x0 c:/nxp/s32ds_power_v2.1/s32ds/build_tools/powerpc-eabivle-4_9/bin/../lib/gcc/powerpc-eabivle/4.9.4/e200z4/fp/crtbegin.o
 .rela.text.towlower
                0x40008c38        0x0 c:/nxp/s32ds_power_v2.1/s32ds/build_tools/powerpc-eabivle-4_9/bin/../lib/gcc/powerpc-eabivle/4.9.4/e200z4/fp/crtbegin.o
 .rela.text.towupper
                0x40008c38        0x0 c:/nxp/s32ds_power_v2.1/s32ds/build_tools/powerpc-eabivle-4_9/bin/../lib/gcc/powerpc-eabivle/4.9.4/e200z4/fp/crtbegin.o
 .rela.text.wcstoll
                0x40008c38        0x0 c:/nxp/s32ds_power_v2.1/s32ds/build_tools/powerpc-eabivle-4_9/bin/../lib/gcc/powerpc-eabivle/4.9.4/e200z4/fp/crtbegin.o
 .rela.text.wcstoull
                0x40008c38        0x0 c:/nxp/s32ds_power_v2.1/s32ds/build_tools/powerpc-eabivle-4_9/bin/../lib/gcc/powerpc-eabivle/4.9.4/e200z4/fp/crtbegin.o
 .rela.data.__files
                0x40008c38        0x0 c:/nxp/s32ds_power_v2.1/s32ds/build_tools/powerpc-eabivle-4_9/bin/../lib/gcc/powerpc-eabivle/4.9.4/e200z4/fp/crtbegin.o
 .rela.text.mbrtowc
                0x40008c38        0x0 c:/nxp/s32ds_power_v2.1/s32ds/build_tools/powerpc-eabivle-4_9/bin/../lib/gcc/powerpc-eabivle/4.9.4/e200z4/fp/crtbegin.o
 .rela.got2     0x40008c38        0x0 c:/nxp/s32ds_power_v2.1/s32ds/build_tools/powerpc-eabivle-4_9/bin/../lib/gcc/powerpc-eabivle/4.9.4/e200z4/fp/crtbegin.o

.data           0x40008c38      0xcf4
                0x40008c38                . = ALIGN (0x4)
                0x40008c38                __DATA_RAM = .
                0x40008c38                __data_start__ = .
 *(.data)
 .data          0x40008c38        0x4 c:/nxp/s32ds_power_v2.1/s32ds/build_tools/powerpc-eabivle-4_9/bin/../lib/gcc/powerpc-eabivle/4.9.4/e200z4/fp\libgcc.a(eabivle.o)
 *(.data.*)
 .data.peripheralClockMcMeConfig0
                0x40008c3c      0x15c ./Generated_Code/clockMan1.o
                0x40008c3c                peripheralClockMcMeConfig0
 .data.clockMan1_InitConfig0
                0x40008d98      0x248 ./Generated_Code/clockMan1.o
                0x40008d98                clockMan1_InitConfig0
 .data.eMIOS_Mc0_CntChnConfig0
                0x40008fe0       0x1c ./Generated_Code/eMIOS_Mc0.o
                0x40008fe0                eMIOS_Mc0_CntChnConfig0
 .data.eMIOS_Mc2_CntChnConfig0
                0x40008ffc       0x1c ./Generated_Code/eMIOS_Mc2.o
                0x40008ffc                eMIOS_Mc2_CntChnConfig0
 .data.eMIOS_Pwm0_PWMChnConfig0
                0x40009018       0x28 ./Generated_Code/eMIOS_Pwm0.o
                0x40009018                eMIOS_Pwm0_PWMChnConfig0
 .data.eMIOS_Pwm0_PWMChnConfig1
                0x40009040       0x28 ./Generated_Code/eMIOS_Pwm0.o
                0x40009040                eMIOS_Pwm0_PWMChnConfig1
 .data.eMIOS_Pwm2_PWMChnConfig3
                0x40009068       0x28 ./Generated_Code/eMIOS_Pwm2.o
                0x40009068                eMIOS_Pwm2_PWMChnConfig3
 .data.eMIOS_Pwm2_PWMChnConfig4
                0x40009090       0x28 ./Generated_Code/eMIOS_Pwm2.o
                0x40009090                eMIOS_Pwm2_PWMChnConfig4
 .data.eMIOS_Pwm2_PWMChnConfig0
                0x400090b8       0x28 ./Generated_Code/eMIOS_Pwm2.o
                0x400090b8                eMIOS_Pwm2_PWMChnConfig0
 .data.eMIOS_Pwm2_PWMChnConfig1
                0x400090e0       0x28 ./Generated_Code/eMIOS_Pwm2.o
                0x400090e0                eMIOS_Pwm2_PWMChnConfig1
 .data.eMIOS_Pwm2_PWMChnConfig2
                0x40009108       0x28 ./Generated_Code/eMIOS_Pwm2.o
                0x40009108                eMIOS_Pwm2_PWMChnConfig2
 .data.g_pin_mux_InitConfigArr
                0x40009130      0x7bc ./Generated_Code/pin_mux.o
                0x40009130                g_pin_mux_InitConfigArr
 .data.Module   0x400098ec       0x1c ./Sources/main.o
                0x400098ec                Module
 .data.Channel  0x40009908       0x1c ./Sources/main.o
                0x40009908                Channel
 .data.tail     0x40009924        0x4 C:/NXP/S32DS_Power_v2.1/S32DS/build_tools/e200_ewl2/lib/e200z4/fp\libc99.a(alloc.o)
 .data.strtok_ds.2574
                0x40009928        0x4 C:/NXP/S32DS_Power_v2.1/S32DS/build_tools/e200_ewl2/lib/e200z4/fp\libc99.a(strtok.o)
                0x4000992c                . = ALIGN (0x4)
                0x4000992c                __data_end__ = .
                0x00000000                __SDATA_ROM = 0x0
                0x00000000                __SDATA_END = 0x0

.jcr            0x4000992c        0x0
 .jcr           0x4000992c        0x0 c:/nxp/s32ds_power_v2.1/s32ds/build_tools/powerpc-eabivle-4_9/bin/../lib/gcc/powerpc-eabivle/4.9.4/e200z4/fp/crtbegin.o

.tm_clone_table
                0x4000992c        0x0
 .tm_clone_table
                0x4000992c        0x0 c:/nxp/s32ds_power_v2.1/s32ds/build_tools/powerpc-eabivle-4_9/bin/../lib/gcc/powerpc-eabivle/4.9.4/e200z4/fp/crtbegin.o
 .tm_clone_table
                0x4000992c        0x0 c:/nxp/s32ds_power_v2.1/s32ds/build_tools/powerpc-eabivle-4_9/bin/../lib/gcc/powerpc-eabivle/4.9.4/e200z4/fp/crtend.o

.got2           0x4000992c       0x1c
 .got2          0x4000992c       0x1c c:/nxp/s32ds_power_v2.1/s32ds/build_tools/powerpc-eabivle-4_9/bin/../lib/gcc/powerpc-eabivle/4.9.4/e200z4/fp\libgcc.a(eabivle.o)

.sdata          0x40009948       0x18
                0x40009948                . = ALIGN (0x4)
                0x40009948                __SDATA_RAM = .
                0x40009948                __sdata_start__ = .
 *(.sdata)
 .sdata         0x40009948        0x0 c:/nxp/s32ds_power_v2.1/s32ds/build_tools/powerpc-eabivle-4_9/bin/../lib/gcc/powerpc-eabivle/4.9.4/e200z4/fp/ecrti.o
                0x40009948                __SDATA_START__
 .sdata         0x40009948        0x0 c:/nxp/s32ds_power_v2.1/s32ds/build_tools/powerpc-eabivle-4_9/bin/../lib/gcc/powerpc-eabivle/4.9.4/e200z4/fp/crtbegin.o
                0x40011948                _SDA_BASE_
 *(.sdata.*)
 .sdata.g_clockManConfigsArr
                0x40009948        0x4 ./Generated_Code/clockMan1.o
                0x40009948                g_clockManConfigsArr
 .sdata.eMIOS_Mc0_InitConfig0
                0x4000994c        0x6 ./Generated_Code/eMIOS_Mc0.o
                0x4000994c                eMIOS_Mc0_InitConfig0
 .sdata.eMIOS_Mc2_InitConfig0
                0x40009952        0x6 ./Generated_Code/eMIOS_Mc2.o
                0x40009952                eMIOS_Mc2_InitConfig0
 .sdata.g_xtal0ClkFreq
                0x40009958        0x4 ./SDK/platform/drivers/src/clock/MPC57xx/clock_MPC57xx.o
                0x40009958                g_xtal0ClkFreq
 .sdata.g_xtal1ClkFreq
                0x4000995c        0x4 ./SDK/platform/drivers/src/clock/MPC57xx/clock_MPC57xx.o
                0x4000995c                g_xtal1ClkFreq
                0x40009960                . = ALIGN (0x4)
                0x40009960                __sdata_end__ = .

.sbss           0x40009960       0x50
                0x40009960                . = ALIGN (0x4)
                0x40009960                __SBSS_START = .
                0x40009960                __sbss_start__ = .
 *(.sbss)
 .sbss          0x40009960        0x0 c:/nxp/s32ds_power_v2.1/s32ds/build_tools/powerpc-eabivle-4_9/bin/../lib/gcc/powerpc-eabivle/4.9.4/e200z4/fp/ecrti.o
                0x40009960                __SBSS_START__
 .sbss          0x40009960        0x0 c:/nxp/s32ds_power_v2.1/s32ds/build_tools/powerpc-eabivle-4_9/bin/../lib/gcc/powerpc-eabivle/4.9.4/e200z4/fp/crtbegin.o
 .sbss          0x40009960        0x4 C:/NXP/S32DS_Power_v2.1/S32DS/build_tools/e200_ewl2/lib/e200z4/fp\libc99.a(errno.o)
                0x40009960                errno
 .sbss          0x40009964        0x0 c:/nxp/s32ds_power_v2.1/s32ds/build_tools/powerpc-eabivle-4_9/bin/../lib/gcc/powerpc-eabivle/4.9.4/e200z4/fp/ecrtn.o
                0x40009964                __SBSS_END__
 *(.sbss.*)
 .sbss.g_clockManCallbacksArr
                0x40009964        0x4 ./Generated_Code/clockMan1.o
                0x40009964                g_clockManCallbacksArr
 .sbss.g_pllPhi1ClkFreq
                0x40009968        0x4 ./SDK/platform/drivers/src/clock/MPC57xx/clock_MPC57xx.o
 .sbss.g_enetRmiiClkFreq
                0x4000996c        0x4 ./SDK/platform/drivers/src/clock/MPC57xx/clock_MPC57xx.o
 .sbss.g_fircClkUndividedFreq
                0x40009970        0x4 ./SDK/platform/drivers/src/clock/MPC57xx/clock_MPC57xx.o
 .sbss.g_sircClkUndividedFreq
                0x40009974        0x4 ./SDK/platform/drivers/src/clock/MPC57xx/clock_MPC57xx.o
 .sbss.g_fircClkFreq
                0x40009978        0x4 ./SDK/platform/drivers/src/clock/MPC57xx/clock_MPC57xx.o
 .sbss.g_sxoscClkFreq
                0x4000997c        0x4 ./SDK/platform/drivers/src/clock/MPC57xx/clock_MPC57xx.o
 .sbss.g_pllPhi0ClkFreq
                0x40009980        0x4 ./SDK/platform/drivers/src/clock/MPC57xx/clock_MPC57xx.o
 .sbss.g_sircClkFreq
                0x40009984        0x4 ./SDK/platform/drivers/src/clock/MPC57xx/clock_MPC57xx.o
 .sbss.g_sxoscClkUndividedFreq
                0x40009988        0x4 ./SDK/platform/drivers/src/clock/MPC57xx/clock_MPC57xx.o
 .sbss.clockSourceFrequenciesAreCalculatedAndCached.6279
                0x4000998c        0x1 ./SDK/platform/drivers/src/clock/MPC57xx/clock_MPC57xx.o
 *fill*         0x4000998d        0x3 
 .sbss.g_fxoscClkUndividedFreq
                0x40009990        0x4 ./SDK/platform/drivers/src/clock/MPC57xx/clock_MPC57xx.o
 .sbss.g_fxoscClkFreq
                0x40009994        0x4 ./SDK/platform/drivers/src/clock/MPC57xx/clock_MPC57xx.o
 .sbss.s_virtEdmaState
                0x40009998        0x4 ./SDK/platform/drivers/src/edma/edma_driver.o
 .sbss.g_interruptDisableCount
                0x4000999c        0x4 ./SDK/platform/drivers/src/interrupt/interrupt_manager_MPC57xx.o
 .sbss.s_osif_tick_cnt
                0x400099a0        0x4 ./SDK/rtos/osif/osif_baremetal.o
 .sbss.Count    0x400099a4        0x4 ./Sources/main.o
                0x400099a4                Count
 .sbss.exit_code
                0x400099a8        0x4 ./Sources/main.o
                0x400099a8                exit_code
 .sbss.config   0x400099ac        0x4 ./Sources/main.o
                0x400099ac                config
                0x400099b0                . = ALIGN (0x4)
                0x400099b0                __sbss_end__ = .
                0x400099b0                __SBSS_END = .

.bss            0x400099b0       0xc4
                0x400099b0                . = ALIGN (0x4)
                0x400099b0                __BSS_START = .
                0x400099b0                __bss_start__ = .
 *(.bss)
 .bss           0x400099b0       0x20 c:/nxp/s32ds_power_v2.1/s32ds/build_tools/powerpc-eabivle-4_9/bin/../lib/gcc/powerpc-eabivle/4.9.4/e200z4/fp/crtbegin.o
 *(.bss.*)
 .bss.linflexd_uart1_State
                0x400099d0       0x44 ./Generated_Code/linflexd_uart1.o
                0x400099d0                linflexd_uart1_State
 .bss.g_clockState
                0x40009a14       0x10 ./SDK/platform/drivers/src/clock/MPC57xx/clock_MPC57xx.o
 .bss.s_uartLINFlexDStatePtr
                0x40009a24       0x48 ./SDK/platform/drivers/src/linflexd/linflexd_uart_driver.o
 .bss.head      0x40009a6c        0x4 C:/NXP/S32DS_Power_v2.1/S32DS/build_tools/e200_ewl2/lib/e200z4/fp\libc99.a(alloc.o)
 .bss.heap_end.2562
                0x40009a70        0x4 C:/NXP/S32DS_Power_v2.1/S32DS/build_tools/e200_ewl2/lib/e200z4/fp\libc99.a(alloc.o)
 *(COMMON)
                0x40009a74                . = ALIGN (0x4)
                0x40009a74                __bss_end__ = .